  HOSTCC  scripts/basic/fixdep
  HOSTCC  scripts/genksyms/genksyms.o
  HOSTCC  scripts/dtc/checks.o
  CC      scripts/mod/empty.o
  HOSTCC  scripts/selinux/genheaders/genheaders
scripts/selinux/genheaders/genheaders.c: In function ‘main’:
scripts/selinux/genheaders/genheaders.c:99:24: warning: assignment discards ‘const’ qualifier from pointer target type [-Wdiscarded-qualifiers]
   99 |                 substr = strstr(map->name, needle);
      |                        ^
  HOSTCC  scripts/mod/mk_elfconfig
  HOSTCC  scripts/genksyms/lex.lex.o
  HOSTCC  scripts/dtc/data.o
  CC      scripts/mod/devicetable-offsets.s
  HOSTCC  scripts/selinux/mdp/mdp
  MKELF   scripts/mod/elfconfig.h
  GEN     scripts/mod/devicetable-offsets.h
  HOSTCC  scripts/mod/modpost.o
  HOSTCC  scripts/dtc/dtc-lexer.lex.o
  HOSTCC  scripts/mod/sumversion.o
  HOSTCC  scripts/genksyms/parse.tab.o
  HOSTCC  scripts/kallsyms
  HOSTLD  scripts/genksyms/genksyms
  HOSTCC  scripts/dtc/dtc-parser.tab.o
  HOSTCC  scripts/dtc/dtc.o
  HOSTCC  scripts/mod/file2alias.o
  HOSTCC  scripts/conmakehash
  HOSTCC  scripts/dtc/flattree.o
  HOSTCC  scripts/bin2c
  HOSTCC  scripts/dtc/fstree.o
  HOSTCC  scripts/sortextable
  HOSTCC  scripts/dtc/livetree.o
  HOSTCC  scripts/dtc/srcpos.o
  HOSTCC  scripts/dtc/treesource.o
  HOSTCC  scripts/dtc/util.o
  HOSTLD  scripts/mod/modpost
  HOSTLD  scripts/dtc/dtc
  DTC     arch/arm/boot/dts/qcom/../msm8909-sim.dtb
  DTC     arch/arm/boot/dts/qcom/../msm8909-rumi.dtb
  DTC     arch/arm/boot/dts/qcom/../msm8909-qrd-skua.dtb
  DTC     arch/arm/boot/dts/qcom/../msm8909-qrd-skuc.dtb
  DTC     arch/arm/boot/dts/qcom/../msm8909-qrd-skue.dtb
  DTC     arch/arm/boot/dts/qcom/../msm8909-cdp.dtb
  DTC     arch/arm/boot/dts/qcom/../msm8909-mtp.dtb
  DTC     arch/arm/boot/dts/qcom/../msm8909-mtp-smb1360.dtb
  DTC     arch/arm/boot/dts/qcom/../msm8909-pm8916-mtp-smb1360.dtb
  DTC     arch/arm/boot/dts/qcom/../msm8909-512mb-mtp-smb1360.dtb
  DTC     arch/arm/boot/dts/qcom/../msm8909-1gb-qrd-skua.dtb
  DTC     arch/arm/boot/dts/qcom/../msm8909-1gb-qrd-skuc.dtb
  DTC     arch/arm/boot/dts/qcom/../msm8909-1gb-qrd-skue.dtb
  DTC     arch/arm/boot/dts/qcom/../msm8909-1gb-cdp.dtb
  DTC     arch/arm/boot/dts/qcom/../msm8909-1gb-mtp.dtb
  DTC     arch/arm/boot/dts/qcom/../msm8909-1gb-rcm.dtb
  DTC     arch/arm/boot/dts/qcom/../msm8909-pm8916-1gb-rcm.dtb
  DTC     arch/arm/boot/dts/qcom/../msm8909-pm8916-mtp.dtb
  DTC     arch/arm/boot/dts/qcom/../msm8909-pm8916-cdp.dtb
  DTC     arch/arm/boot/dts/qcom/../msm8909-qhd-cdp.dtb
  DTC     arch/arm/boot/dts/qcom/../msm8909-qhd-rcm.dtb
  DTC     arch/arm/boot/dts/qcom/../msm8909-pm8916-1gb-qhd-rcm.dtb
  DTC     arch/arm/boot/dts/qcom/../msm8909-pm8916-qhd-rcm.dtb
  DTC     arch/arm/boot/dts/qcom/../msm8208-cdp.dtb
  DTC     arch/arm/boot/dts/qcom/../msm8208-mtp.dtb
  DTC     arch/arm/boot/dts/qcom/../msm8208-1gb-cdp.dtb
  DTC     arch/arm/boot/dts/qcom/../msm8208-1gb-mtp.dtb
  DTC     arch/arm/boot/dts/qcom/../msm8208-qrd-skua.dtb
  DTC     arch/arm/boot/dts/qcom/../msm8208-qrd-skuc.dtb
  DTC     arch/arm/boot/dts/qcom/../msm8208-qrd-skue.dtb
  DTC     arch/arm/boot/dts/qcom/../msm8208-1gb-qrd-skua.dtb
  DTC     arch/arm/boot/dts/qcom/../msm8208-1gb-qrd-skuc.dtb
  DTC     arch/arm/boot/dts/qcom/../msm8208-1gb-qrd-skue.dtb
  DTC     arch/arm/boot/dts/qcom/../msm8208-1gb-rcm.dtb
  DTC     arch/arm/boot/dts/qcom/../msm8208-qhd-cdp.dtb
  DTC     arch/arm/boot/dts/qcom/../msm8208-qhd-rcm.dtb
