  CHK     include/generated/uapi/linux/version.h
  CC      scripts/mod/empty.o
  CC      scripts/mod/devicetable-offsets.s
  MKELF   scripts/mod/elfconfig.h
  HOSTCC  scripts/mod/modpost.o
  HOSTCC  scripts/mod/sumversion.o
  GEN     scripts/mod/devicetable-offsets.h
  HOSTCC  scripts/mod/file2alias.o
  CHK     include/generated/utsrelease.h
make[1]: 'include/generated/mach-types.h' is up to date.
  CC      kernel/bounds.s
  HOSTLD  scripts/mod/modpost
  GEN     include/generated/bounds.h
  CC      arch/arm/kernel/asm-offsets.s
  GEN     include/generated/asm-offsets.h
  CALL    scripts/checksyscalls.sh
  AS      usr/initramfs_data.o
  CC      init/main.o
  CC      arch/arm/vfp/vfpmodule.o
  CC      arch/arm/kernel/elf.o
  LD      usr/built-in.o
  CC      arch/arm/mm/dma-mapping.o
  AS      arch/arm/kernel/entry-armv.o
  AS      arch/arm/kernel/entry-common.o
  AS      arch/arm/vfp/entry.o
  CC      arch/arm/kernel/irq.o
  AS      arch/arm/vfp/vfphw.o
  CC      arch/arm/vfp/vfpsingle.o
  CHK     include/generated/compile.h
  UPD     include/generated/compile.h
  CC      arch/arm/mm/extable.o
  CC      init/do_mounts.o
  CC      arch/arm/kernel/opcodes.o
  CC      arch/arm/vfp/vfpdouble.o
  CC      arch/arm/mm/fault.o
  CC      arch/arm/kernel/process.o
  CC      arch/arm/mm/init.o
  LD      arch/arm/vfp/vfp.o
  LD      arch/arm/vfp/built-in.o
  CC      arch/arm/mm/iomap.o
  CC      arch/arm/kernel/ptrace.o
  CC      init/do_mounts_rd.o
  CC      arch/arm/mm/fault-armv.o
  CC      arch/arm/mm/flush.o
  CC      arch/arm/mm/idmap.o
  CC      arch/arm/kernel/return_address.o
  CC      init/do_mounts_initrd.o
arch/arm/kernel/return_address.c:63:2: warning: #warning "TODO: return_address should use unwind tables" [-Wcpp]
 #warning "TODO: return_address should use unwind tables"
  ^
arch/arm/kernel/return_address.c:63:2: warning: #warning "TODO: return_address should use unwind tables" [-Wcpp]
 #warning "TODO: return_address should use unwind tables"
  ^
  CC      arch/arm/mm/ioremap.o
  CC      arch/arm/kernel/setup.o
  CC      arch/arm/kernel/signal.o
  CC      init/initramfs.o
  CC      arch/arm/common/firmware.o
  CC      arch/arm/mm/mmap.o
  CC      arch/arm/common/cpaccess.o
  CC      init/calibrate.o
  CC      arch/arm/mm/pgd.o
  CC      init/init_task.o
  LD      arch/arm/common/built-in.o
  CC      init/version.o
  CC      arch/arm/kernel/stacktrace.o
  CC      arch/arm/mm/mmu.o
  CC      arch/arm/kernel/sys_arm.o
  CC      arch/arm/kernel/time.o
  LD      init/mounts.o
  LD      init/built-in.o
  LD      arch/arm/net/built-in.o
  LD      arch/arm/crypto/built-in.o
  CC      arch/arm/mach-msm/io.o
  CC      arch/arm/kernel/traps.o
  CC      arch/arm/mm/proc-syms.o
  CC      arch/arm/kernel/atags_parse.o
  CC      arch/arm/mm/alignment.o
  CC      arch/arm/mm/highmem.o
  CC      arch/arm/kernel/cpuidle.o
  CC      arch/arm/mach-msm/dma.o
  CC      arch/arm/kernel/armksyms.o
  AS      arch/arm/mm/abort-ev7.o
  CC      arch/arm/mach-msm/memory.o
  AS      arch/arm/mm/pabort-v7.o
  AS      arch/arm/mm/cache-v7.o
  CC      arch/arm/mm/copypage-v6.o
  CC      kernel/fork.o
  CC      arch/arm/kernel/module.o
  CC      arch/arm/mm/context.o
  CC      arch/arm/mach-msm/board-dt.o
  AS      arch/arm/kernel/sleep.o
  CC      arch/arm/kernel/suspend.o
  CC      arch/arm/mach-msm/acpuclock.o
  AS      arch/arm/mm/tlb-v7.o
  AS      arch/arm/mm/proc-v7.o
  LD      arch/arm/mm/built-in.o
  CC      arch/arm/kernel/smp.o
  CC      arch/arm/mach-msm/perf_trace_counters.o
  CC      kernel/exec_domain.o
  CC      kernel/panic.o
  CC      arch/arm/mach-msm/perf_debug.o
  CC      arch/arm/kernel/smp_tlb.o
  AS      arch/arm/mach-msm/headsmp.o
  CC      arch/arm/mach-msm/platsmp.o
  CC      arch/arm/kernel/arch_timer.o
  CC      arch/arm/kernel/kprobes.o
  CC      arch/arm/mach-msm/hotplug.o
  CC      arch/arm/mach-msm/board-8909.o
  CC      mm/filemap.o
  CC      kernel/printk.o
  CC      arch/arm/kernel/kprobes-common.o
  CC      arch/arm/mach-msm/ext-buck-control.o
  CC      arch/arm/mach-msm/smcmod.o
  CC      arch/arm/kernel/patch.o
  CC      arch/arm/kernel/kprobes-arm.o
  LD      arch/arm/mach-msm/built-in.o
  CC      kernel/cpu.o
  CC      arch/arm/kernel/unwind.o
  CC      mm/mempool.o
  CC      mm/oom_kill.o
  CC      arch/arm/kernel/devtree.o
  CC      kernel/exit.o
  CC      arch/arm/kernel/swp_emulate.o
  CC      fs/open.o
  CC      mm/fadvise.o
  CC      arch/arm/kernel/hw_breakpoint.o
  CC      mm/maccess.o
  CC      arch/arm/kernel/perf_event.o
  CC      mm/page_alloc.o
  CC      kernel/itimer.o
  CC      fs/read_write.o
  CC      arch/arm/kernel/perf_event_cpu.o
  HZFILE  kernel/hz.bc
  CC      kernel/softirq.o
  CC      fs/file_table.o
  CC      arch/arm/kernel/topology.o
  CC      kernel/resource.o
  CC      fs/super.o
  CC      arch/arm/kernel/io.o
  AS      arch/arm/kernel/hyp-stub.o
  AS      arch/arm/kernel/head.o
  LDS     arch/arm/kernel/vmlinux.lds
  LD      arch/arm/kernel/built-in.o
  CC      ipc/util.o
  CC      mm/page-writeback.o
  CC      kernel/sysctl.o
  CC      fs/char_dev.o
  CC      ipc/msgutil.o
  CC      fs/stat.o
  CC      ipc/msg.o
  CC      mm/readahead.o
  CC      kernel/sysctl_binary.o
  CC      fs/exec.o
  CC      ipc/sem.o
  CC      mm/swap.o
  CC      kernel/capability.o
  CC      ipc/shm.o
  CC      fs/pipe.o
  CC      kernel/ptrace.o
  CC      mm/truncate.o
  CC      ipc/ipcns_notifier.o
  CC      ipc/syscall.o
  CC      ipc/ipc_sysctl.o
  CC      mm/vmscan.o
  CC      kernel/timer.o
  CC      fs/namei.o
  LD      ipc/built-in.o
  CC      security/keys/gc.o
  CC      security/keys/key.o
  CC      security/keys/keyring.o
  CC      kernel/user.o
  CC      kernel/signal.o
  CC      mm/shmem.o
  CC      fs/fcntl.o
  CC      security/keys/keyctl.o
  CC      security/keys/permission.o
  CC      fs/ioctl.o
  CC      security/keys/process_keys.o
  CC      mm/util.o
  CC      kernel/sys.o
  CC      fs/readdir.o
  CC      security/keys/request_key.o
  CC      fs/select.o
  CC      security/keys/request_key_auth.o
  CC      security/keys/user_defined.o
  CC      mm/mmzone.o
  CC      kernel/kmod.o
  CC      security/keys/proc.o
  CC      fs/dcache.o
  CC      mm/vmstat.o
  CC      security/keys/sysctl.o
  LD      security/keys/built-in.o
  GEN     security/selinux/flask.h security/selinux/av_permissions.h
  CC      security/selinux/avc.o
  CC      mm/backing-dev.o
  CC      kernel/workqueue.o
  CC      fs/inode.o
  CC      security/selinux/hooks.o
  CC      mm/mm_init.o
  CC      mm/mmu_context.o
  CC      mm/percpu.o
  CC      fs/attr.o
  CC      kernel/pid.o
  CC      fs/bad_inode.o
  CC      fs/file.o
  CC      kernel/task_work.o
  CC      mm/slab_common.o
  CC      kernel/rcupdate.o
  CC      mm/compaction.o
  CC      fs/filesystems.o
  CC      security/selinux/selinuxfs.o
  CC      kernel/extable.o
  CC      kernel/params.o
  CC      fs/namespace.o
  CC      mm/balloon_compaction.o
  CC      security/selinux/netlink.o
  CC      kernel/posix-timers.o
  CC      mm/interval_tree.o
  CC      security/selinux/nlmsgtab.o
  CC      security/selinux/netif.o
  CC      mm/fremap.o
  CC      kernel/kthread.o
  CC      fs/seq_file.o
  CC      security/selinux/netnode.o
  CC      mm/highmem.o
  CC      kernel/wait.o
  CC      fs/xattr.o
  CC      security/selinux/netport.o
  CC      kernel/sys_ni.o
  CC      mm/madvise.o
  CC      kernel/posix-cpu-timers.o
  CC      security/selinux/exports.o
  CC      fs/libfs.o
  CC      security/selinux/ss/ebitmap.o
  CC      mm/memory.o
  CC      kernel/mutex.o
  CC      security/selinux/ss/hashtab.o
  CC      fs/fs-writeback.o
  CC      kernel/hrtimer.o
  CC      security/selinux/ss/symtab.o
  CC      security/selinux/ss/sidtab.o
  CC      security/selinux/ss/avtab.o
  CC      mm/mincore.o
  CC      kernel/rwsem.o
  CC      security/selinux/ss/policydb.o
  CC      kernel/nsproxy.o
  CC      mm/mlock.o
  CC      kernel/srcu.o
  CC      fs/pnode.o
  CC      mm/mmap.o
  CC      kernel/semaphore.o
  CC      fs/splice.o
  CC      security/selinux/ss/services.o
  CC      kernel/notifier.o
  CC      mm/mprotect.o
  CC      kernel/ksysfs.o
  CC      fs/sync.o
  CC      mm/mremap.o
  CC      kernel/cred.o
  CC      fs/utimes.o
  CC      mm/msync.o
  CC      security/selinux/ss/conditional.o
  CC      mm/rmap.o
  CC      fs/stack.o
  CC      kernel/async.o
  CC      fs/fs_struct.o
  CC      security/selinux/ss/mls.o
  CC      fs/statfs.o
  CC      kernel/range.o
  CC      kernel/groups.o
  CC      mm/vmalloc.o
  CC      security/selinux/ss/status.o
  CC      fs/buffer.o
  CC      kernel/lglock.o
  LD      security/selinux/selinux.o
  LD      security/selinux/built-in.o
  CC      security/commoncap.o
  CC      kernel/smpboot.o
  CC      kernel/cpu/idle.o
  CC      security/min_addr.o
  CC      security/security.o
  CC      mm/pagewalk.o
  LD      kernel/cpu/built-in.o
  CC      kernel/events/core.o
  CC      mm/pgtable-generic.o
kernel/events/core.c:163:7: warning: "CONFIG_SECURITY_PERF_EVENTS_RESTRICT" is not defined [-Wundef]
 #elif CONFIG_SECURITY_PERF_EVENTS_RESTRICT
       ^
  CC      mm/process_vm_access.o
  CC      fs/bio.o
  CC      security/capability.o
  CC      mm/showmem.o
  CC      mm/vmpressure.o
  CC      mm/init-mm.o
  CC      mm/bootmem.o
  CC      fs/block_dev.o
  CC      security/lsm_audit.o
  CC      mm/memblock.o
kernel/events/core.c:163:7: warning: "CONFIG_SECURITY_PERF_EVENTS_RESTRICT" is not defined [-Wundef]
 #elif CONFIG_SECURITY_PERF_EVENTS_RESTRICT
       ^
  CC      kernel/events/ring_buffer.o
  LD      security/built-in.o
  CC      mm/bounce.o
  CC      mm/page_io.o
  CC      fs/direct-io.o
  CC      kernel/events/callchain.o
  CC      crypto/api.o
  CC      mm/swap_state.o
  CC      kernel/events/hw_breakpoint.o
  CC      mm/swapfile.o
  CC      crypto/cipher.o
  LD      kernel/events/built-in.o
  CC      crypto/compress.o
  CC      kernel/irq/irqdesc.o
  CC      crypto/algapi.o
  CC      fs/mpage.o
  CC      kernel/irq/handle.o
  CC      kernel/irq/manage.o
  CC      mm/dmapool.o
  CC      fs/ioprio.o
  CC      crypto/scatterwalk.o
  CC      mm/slub.o
  CC      kernel/irq/spurious.o
  CC      fs/proc_namespace.o
  CC      crypto/proc.o
  CC      kernel/irq/resend.o
  CC      kernel/irq/chip.o
  CC      crypto/ablkcipher.o
  CC      fs/configfs/inode.o
  CC      kernel/irq/dummychip.o
  CC      fs/configfs/file.o
  CC      kernel/irq/devres.o
  CC      fs/configfs/dir.o
  CC      crypto/blkcipher.o
  CC      kernel/irq/autoprobe.o
  CC      kernel/irq/irqdomain.o
  CC      fs/configfs/symlink.o
  CC      mm/migrate.o
  CC      crypto/ahash.o
  CC      fs/configfs/mount.o
  CC      kernel/irq/proc.o
  CC      fs/configfs/item.o
  CC      crypto/shash.o
  CC      kernel/irq/pm.o
  LD      fs/configfs/configfs.o
  LD      fs/configfs/built-in.o
  CC      fs/debugfs/inode.o
  CC      mm/page_isolation.o
  LD      kernel/irq/built-in.o
  CC      kernel/power/qos.o
  CC      mm/zsmalloc.o
  CC      fs/debugfs/file.o
  CC      crypto/algboss.o
  CC      kernel/power/main.o
  LD      mm/built-in.o
  CC      crypto/testmgr.o
  LD      fs/debugfs/debugfs.o
  LD      fs/debugfs/built-in.o
  CC      fs/devpts/inode.o
  CC      kernel/power/console.o
  CC      crypto/crypto_wq.o
  LD      fs/devpts/devpts.o
  LD      fs/devpts/built-in.o
  LD      fs/exofs/built-in.o
  CC      fs/ext2/balloc.o
  LD      crypto/crypto_algapi.o
  CC      crypto/aead.o
  CC      kernel/power/process.o
  CC      kernel/power/suspend.o
  CC      fs/ext2/dir.o
  LD      crypto/crypto_blkcipher.o
  CC      crypto/chainiv.o
  CC      kernel/power/autosleep.o
  CC      fs/ext2/file.o
  CC      crypto/eseqiv.o
  CC      kernel/power/wakelock.o
  CC      fs/ext2/ialloc.o
  LD      crypto/crypto_hash.o
  CC      crypto/pcompress.o
  CC      kernel/power/poweroff.o
  CC      kernel/power/wakeup_reason.o
  CC      fs/ext2/inode.o
  LD      crypto/cryptomgr.o
  CC      crypto/hmac.o
  LD      kernel/power/built-in.o
  CC      kernel/sched/core.o
  CC      kernel/sched/clock.o
  CC      crypto/xcbc.o
  CC      crypto/crypto_null.o
  CC      fs/ext2/ioctl.o
  CC      block/elevator.o
  CC      crypto/md4.o
  CC      fs/ext2/namei.o
  CC      crypto/md5.o
  CC      fs/ext2/super.o
  CC      crypto/sha1_generic.o
  CC      crypto/sha256_generic.o
  CC      block/blk-core.o
  CC      fs/ext2/symlink.o
  CC      fs/ext2/xattr.o
  CC      crypto/gf128mul.o
  CC      fs/ext2/xattr_user.o
  CC      fs/ext2/xattr_trusted.o
  LD      fs/ext2/ext2.o
  LD      fs/ext2/built-in.o
  CC      fs/ext3/balloc.o
  CC      crypto/ecb.o
  CC      crypto/cbc.o
  CC      fs/ext3/bitmap.o
  CC      crypto/xts.o
  CC      fs/ext3/dir.o
  CC      block/blk-tag.o
  CC      kernel/sched/cputime.o
  CC      crypto/des_generic.o
  CC      fs/ext3/file.o
  CC      kernel/sched/idle_task.o
  CC      fs/ext3/fsync.o
  CC      block/blk-sysfs.o
  CC      kernel/sched/fair.o
  CC      fs/ext3/ialloc.o
  CC      block/blk-flush.o
  CC      crypto/twofish_generic.o
  CC      fs/ext3/inode.o
  CC      crypto/twofish_common.o
  CC      block/blk-settings.o
  CC      crypto/aes_generic.o
  CC      block/blk-ioc.o
  CC      fs/ext3/ioctl.o
  CC      fs/ext3/namei.o
  CC      crypto/arc4.o
  CC      block/blk-map.o
  CC      crypto/deflate.o
  CC      kernel/sched/rt.o
  CC      crypto/crc32c.o
  CC      fs/ext3/super.o
  CC      block/blk-exec.o
  CC      crypto/authenc.o
  CC      block/blk-merge.o
  CC      kernel/sched/stop_task.o
  CC      crypto/authencesn.o
  CC      kernel/sched/sched_avg.o
  CC      kernel/sched/cpupri.o
  CC      block/blk-softirq.o
  CC      crypto/rng.o
  CC      kernel/sched/stats.o
  CC      kernel/sched/debug.o
  CC      crypto/krng.o
  CC      block/blk-timeout.o
  CC      fs/ext3/symlink.o
  LD      crypto/crypto.o
  LD      crypto/built-in.o
  CC      fs/ext3/hash.o
  LD      drivers/amba/built-in.o
  LD      drivers/auxdisplay/built-in.o
  CC      drivers/base/core.o
  CC      kernel/sched/cpuacct.o
  CC      block/blk-iopoll.o
  CC      fs/ext3/resize.o
  LD      kernel/sched/built-in.o
  CC      kernel/time/timekeeping.o
  CC      block/blk-lib.o
  CC      fs/ext3/ext3_jbd.o
  CC      fs/ext3/xattr.o
  CC      drivers/base/bus.o
  CC      block/ioctl.o
  CC      kernel/time/ntp.o
  CC      kernel/time/clocksource.o
  CC      fs/ext3/xattr_user.o
  CC      drivers/base/dd.o
  CC      block/genhd.o
  CC      fs/ext3/xattr_trusted.o
  CC      kernel/time/jiffies.o
  CC      drivers/base/syscore.o
  LD      fs/ext3/ext3.o
  LD      fs/ext3/built-in.o
  CC      fs/ext4/balloc.o
  CC      kernel/time/timer_list.o
  CC      drivers/base/driver.o
  CC      kernel/time/timeconv.o
  CC      block/scsi_ioctl.o
  CC      drivers/base/class.o
  CC      kernel/time/posix-clock.o
  CC      fs/ext4/bitmap.o
  CC      drivers/base/platform.o
  CC      kernel/time/alarmtimer.o
  CC      fs/ext4/dir.o
  CC      block/partition-generic.o
  CC      kernel/time/clockevents.o
  CC      drivers/base/cpu.o
  CC      fs/ext4/file.o
  CC      kernel/time/tick-common.o
  CC      block/partitions/check.o
  CC      drivers/base/firmware.o
  CC      drivers/base/init.o
  CC      kernel/time/tick-broadcast.o
  CC      fs/ext4/fsync.o
  CC      drivers/base/map.o
  CC      drivers/base/devres.o
  CC      block/partitions/msdos.o
  CC      kernel/time/tick-broadcast-hrtimer.o
  CC      fs/ext4/ialloc.o
  CC      kernel/time/sched_clock.o
  CC      block/partitions/efi.o
  CC      drivers/base/attribute_container.o
  CC      kernel/time/tick-oneshot.o
  CC      kernel/time/tick-sched.o
  CC      drivers/base/transport_class.o
  LD      block/partitions/built-in.o
  CC      block/bsg.o
  CC      fs/ext4/inode.o
  CC      drivers/base/topology.o
  CC      drivers/base/dma-contiguous.o
  CC      kernel/time/timer_stats.o
  CC      block/noop-iosched.o
  LD      kernel/time/built-in.o
  CC      kernel/trace/trace_clock.o
  CC      block/deadline-iosched.o
  CC      drivers/base/dma-removed.o
  CC      kernel/trace/ring_buffer.o
  CC      block/row-iosched.o
  CC      drivers/base/power/sysfs.o
  CC      block/cfq-iosched.o
  CC      fs/ext4/page-io.o
  CC      drivers/base/power/generic_ops.o
  CC      fs/ext4/ioctl.o
  CC      drivers/base/power/common.o
  CC      kernel/trace/trace.o
  CC      drivers/base/power/qos.o
  CC      fs/ext4/namei.o
  LD      block/built-in.o
  CC      fs/ext4/super.o
  CC      drivers/base/power/main.o
  CC      fs/fat/cache.o
  CC      drivers/base/power/wakeup.o
  CC      fs/fat/dir.o
  CC      kernel/trace/trace_output.o
  CC      drivers/base/power/runtime.o
  CC      fs/fat/fatent.o
  CC      kernel/trace/trace_stat.o
  CC      drivers/base/power/opp.o
  CC      kernel/trace/trace_printk.o
  CC      drivers/base/power/clock_ops.o
  CC      fs/fat/file.o
  LD      drivers/base/power/built-in.o
  CC      drivers/base/regmap/regmap.o
  CC      kernel/trace/trace_sched_switch.o
  CC      fs/fat/inode.o
  CC      kernel/trace/trace_nop.o
  CC      kernel/trace/blktrace.o
  CC      fs/ext4/symlink.o
  CC      fs/fat/misc.o
  CC      fs/ext4/hash.o
  CC      kernel/trace/trace_events.o
  CC      drivers/base/regmap/regcache.o
  CC      fs/ext4/resize.o
  CC      fs/fat/nfs.o
  CC      drivers/base/regmap/regcache-rbtree.o
  CC      fs/fat/namei_vfat.o
  CC      drivers/base/regmap/regcache-lzo.o
  CC      kernel/trace/trace_export.o
  CC      drivers/base/regmap/regcache-flat.o
  CC      fs/ext4/extents.o
  CC      drivers/base/regmap/regmap-debugfs.o
  LD      fs/fat/fat.o
  LD      fs/fat/vfat.o
  LD      fs/fat/built-in.o
  CC      kernel/trace/trace_event_perf.o
  CC      drivers/base/regmap/regmap-i2c.o
  CC      drivers/base/regmap/regmap-spi.o
  CC      drivers/block/brd.o
  CC      kernel/trace/trace_events_filter.o
  LD      drivers/base/regmap/built-in.o
  CC      drivers/base/dma-mapping.o
  CC      drivers/block/loop.o
  CC      drivers/base/dma-coherent.o
  CC      kernel/trace/trace_kprobe.o
  CC      drivers/base/dma-buf.o
  CC      drivers/block/zram/zcomp_lzo.o
  CC      fs/ext4/ext4_jbd2.o
  CC      drivers/block/zram/zcomp.o
  CC      drivers/block/zram/zram_drv.o
  CC      drivers/base/firmware_class.o
  CC      fs/ext4/migrate.o
  CC      kernel/trace/power-traces.o
  LD      drivers/block/zram/zram.o
  LD      drivers/block/zram/built-in.o
  LD      drivers/block/built-in.o
  CC      kernel/freezer.o
  CC      fs/ext4/mballoc.o
  CC      kernel/trace/rpm-traces.o
  CC      drivers/base/module.o
  CC      drivers/base/soc.o
  CC      drivers/base/pinctrl.o
  CC      fs/ext4/block_validity.o
  LD      drivers/base/built-in.o
  CC      kernel/trace/trace_probe.o
  LD      drivers/bluetooth/built-in.o
  LD      drivers/bus/built-in.o
  LD      drivers/cdrom/built-in.o
  CC      drivers/char/mem.o
  CC      sound/sound_core.o
  CC      drivers/char/random.o
  CC      kernel/trace/ipc_logging.o
  LD      sound/arm/built-in.o
  LD      sound/atmel/built-in.o
  CC      sound/core/compress_offload.o
  CC      kernel/trace/ipc_logging_debug.o
  CC      drivers/char/misc.o
  CC      fs/ext4/move_extent.o
  LD      kernel/trace/built-in.o
  CC      kernel/profile.o
  CC      sound/core/hwdep.o
  CC      drivers/char/diag/diagchar_core.o
  CC      kernel/stacktrace.o
  CC      sound/core/memalloc.o
  CC      fs/ext4/mmp.o
  CC      kernel/futex.o
  CC      fs/ext4/indirect.o
  CC      sound/core/pcm.o
  CC      drivers/char/diag/diagchar_hdlc.o
  CC      drivers/char/diag/diagfwd.o
  CC      kernel/rtmutex.o
  CC      fs/ext4/extents_status.o
  CC      sound/core/pcm_native.o
  CC      kernel/smp.o
  CC      fs/ext4/xattr.o
  CC      drivers/char/diag/diag_mux.o
  CC      kernel/spinlock.o
  CC      drivers/char/diag/diag_memorydevice.o
  CC      kernel/uid16.o
  CC      drivers/char/diag/diag_usb.o
  CC      kernel/module.o
  CC      drivers/char/diag/diagmem.o
  CC      fs/ext4/xattr_user.o
  CC      drivers/char/diag/diagfwd_cntl.o
  CC      sound/core/pcm_lib.o
  CC      fs/ext4/xattr_trusted.o
  CC      fs/ext4/inline.o
  CC      drivers/char/diag/diag_dci.o
  CC      fs/ext4/xattr_security.o
  CC      drivers/char/diag/diag_masks.o
  CC      sound/core/pcm_timer.o
  LD      fs/ext4/ext4.o
  LD      fs/ext4/built-in.o
  CC      fs/fuse/dev.o
  CC      kernel/kallsyms.o
  CC      sound/core/pcm_misc.o
  CC      drivers/char/diag/diag_debugfs.o
  CC      kernel/cgroup.o
  CC      sound/core/pcm_memory.o
  LD      drivers/char/diag/diagchar.o
  LD      drivers/char/diag/built-in.o
  CC      fs/fuse/dir.o
  CC      drivers/char/hw_random/core.o
  CC      sound/core/rawmidi.o
  CC      drivers/char/hw_random/msm_rng.o
  CC      fs/fuse/file.o
  CC      drivers/char/hw_random/fips_drbg.o
  CC      sound/core/timer.o
  CC      kernel/cgroup_freezer.o
  CC      drivers/char/hw_random/ctr_drbg.o
  GZIP    kernel/config_data.gz
  CC      kernel/res_counter.o
  CC      fs/fuse/inode.o
  CC      kernel/stop_machine.o
  CC      drivers/char/hw_random/msm_fips_selftest.o
  LD      drivers/char/hw_random/rng-core.o
  LD      drivers/char/hw_random/built-in.o
  CC      drivers/char/msm_smd_pkt.o
  CC      sound/core/sound.o
  CC      kernel/audit.o
  CC      sound/core/init.o
  CC      fs/fuse/control.o
  LD      drivers/char/built-in.o
  CC      drivers/clk/clk-devres.o
  LD      fs/fuse/fuse.o
  LD      fs/fuse/built-in.o
  CC      fs/jbd/transaction.o
  CC      drivers/clk/clkdev.o
  CC      sound/core/memory.o
  CC      kernel/auditfilter.o
  CC      sound/core/info.o
  CC      fs/jbd/commit.o
  CC      drivers/clk/clk.o
  CC      kernel/auditsc.o
  CC      drivers/clk/qcom/clock.o
  CC      sound/core/control.o
  CC      fs/jbd/recovery.o
  CC      fs/jbd/checkpoint.o
  CC      drivers/clk/qcom/clock-dummy.o
  CC      drivers/clk/qcom/clock-generic.o
  CC      fs/jbd/revoke.o
  CC      kernel/audit_watch.o
  CC      sound/core/misc.o
  CC      sound/core/device.o
  CC      fs/jbd/journal.o
  CC      drivers/clk/qcom/clock-local2.o
  CC      sound/core/jack.o
  CC      kernel/audit_tree.o
  LD      sound/core/snd.o
  LD      sound/core/snd-hwdep.o
  LD      sound/core/snd-timer.o
  LD      sound/core/snd-pcm.o
  LD      sound/core/snd-page-alloc.o
  LD      sound/core/snd-rawmidi.o
  LD      sound/core/snd-compress.o
  LD      sound/core/built-in.o
  LD      sound/drivers/mpu401/built-in.o
  LD      sound/drivers/opl3/built-in.o
  LD      sound/drivers/opl4/built-in.o
  LD      sound/drivers/pcsp/built-in.o
  LD      sound/drivers/vx/built-in.o
  LD      sound/drivers/built-in.o
  LD      sound/firewire/built-in.o
  LD      sound/i2c/other/built-in.o
  LD      sound/i2c/built-in.o
  LD      sound/isa/ad1816a/built-in.o
  LD      sound/isa/ad1848/built-in.o
  LD      sound/isa/cs423x/built-in.o
  LD      sound/isa/es1688/built-in.o
  LD      sound/isa/galaxy/built-in.o
  LD      sound/isa/gus/built-in.o
  LD      sound/isa/msnd/built-in.o
  CC      kernel/kprobes.o
  CC      drivers/clk/qcom/clock-pll.o
  LD      sound/isa/opti9xx/built-in.o
  LD      sound/isa/sb/built-in.o
  LD      sound/isa/wavefront/built-in.o
  LD      sound/isa/wss/built-in.o
  LD      sound/isa/built-in.o
  LD      sound/mips/built-in.o
  LD      sound/parisc/built-in.o
  LD      sound/pci/ac97/built-in.o
  LD      sound/pci/ali5451/built-in.o
  LD      sound/pci/asihpi/built-in.o
  LD      sound/pci/au88x0/built-in.o
  LD      sound/pci/aw2/built-in.o
  LD      sound/pci/ca0106/built-in.o
  LD      sound/pci/cs46xx/built-in.o
  LD      sound/pci/cs5535audio/built-in.o
  LD      sound/pci/ctxfi/built-in.o
  LD      sound/pci/echoaudio/built-in.o
  LD      sound/pci/emu10k1/built-in.o
  LD      sound/pci/hda/built-in.o
  LD      sound/pci/ice1712/built-in.o
  LD      sound/pci/korg1212/built-in.o
  LD      sound/pci/lola/built-in.o
  LD      sound/pci/lx6464es/built-in.o
  LD      sound/pci/mixart/built-in.o
  LD      sound/pci/nm256/built-in.o
  LD      sound/pci/oxygen/built-in.o
  LD      sound/pci/pcxhr/built-in.o
  LD      sound/pci/riptide/built-in.o
  LD      sound/pci/rme9652/built-in.o
  LD      sound/pci/trident/built-in.o
  LD      sound/pci/vx222/built-in.o
  LD      sound/pci/ymfpci/built-in.o
  LD      sound/pci/built-in.o
  LD      sound/pcmcia/pdaudiocf/built-in.o
  LD      fs/jbd/jbd.o
  LD      sound/pcmcia/vx/built-in.o
  LD      sound/pcmcia/built-in.o
  LD      fs/jbd/built-in.o
  LD      sound/ppc/built-in.o
  CC      fs/jbd2/transaction.o
  LD      sound/sh/built-in.o
  CC      sound/soc/soc-core.o
  CC      drivers/clk/qcom/clock-alpha-pll.o
  CC      kernel/rcutree.o
  CC      drivers/clk/qcom/clock-rpm.o
  CC      drivers/clk/qcom/clock-voter.o
  CC      drivers/clk/qcom/clock-debug.o
  CC      fs/jbd2/commit.o
  CC      drivers/clk/qcom/clock-rpm-8909.o
  CC      drivers/clk/qcom/clock-gcc-8909.o
  CC      kernel/relay.o
  CC      fs/jbd2/recovery.o
  CC      drivers/clk/qcom/clock-a7.o
  CC      fs/jbd2/checkpoint.o
  CC      drivers/clk/qcom/gdsc.o
  CC      kernel/utsname_sysctl.o
  CC      kernel/tracepoint.o
  CC      sound/soc/soc-dapm.o
  CC      fs/jbd2/revoke.o
  CC      drivers/clk/qcom/mdss/mdss-pll-util.o
  CC      kernel/elfcore.o
  CC      kernel/irq_work.o
  CC      fs/jbd2/journal.o
  CC      drivers/clk/qcom/mdss/mdss-pll.o
  CC      kernel/cpu_pm.o
  BC      kernel/timeconst.h
  CHK     kernel/config_data.h
  CC      drivers/clk/qcom/mdss/mdss-dsi-pll-util.o
  UPD     kernel/config_data.h
  CC      kernel/time.o
  CC      sound/soc/soc-jack.o
  CC      drivers/clk/qcom/mdss/mdss-dsi-20nm-pll-util.o
  CC      kernel/configs.o
  LD      kernel/built-in.o
  CC      sound/soc/soc-cache.o
  CC      drivers/clk/qcom/mdss/mdss-dsi-pll-28hpm.o
  LD      fs/jbd2/jbd2.o
  LD      fs/jbd2/built-in.o
  CC      fs/nls/nls_base.o
  CC      drivers/clk/qcom/mdss/mdss-dsi-pll-28lpm.o
  CC      fs/nls/nls_cp437.o
  CC      sound/soc/soc-utils.o
  CC      fs/nls/nls_ascii.o
  CC      drivers/clk/qcom/mdss/mdss-dsi-pll-20nm.o
  CC      fs/nls/nls_iso8859-1.o
  CC      sound/soc/soc-pcm.o
  LD      fs/nls/built-in.o
  CC      fs/notify/fsnotify.o
  CC      drivers/clk/qcom/mdss/mdss-edp-pll-28hpm.o
  CC      drivers/clk/qcom/mdss/mdss-hdmi-pll-28hpm.o
  CC      fs/notify/notification.o
  CC      drivers/clk/qcom/mdss/mdss-hdmi-pll-20nm.o
  CC      fs/notify/group.o
  CC      sound/soc/soc-compress.o
  LD      drivers/clk/qcom/mdss/built-in.o
  LD      drivers/clk/qcom/built-in.o
  CC      fs/notify/inode_mark.o
  LD      drivers/clk/built-in.o
  CC      drivers/clocksource/clksrc-of.o
  CC      drivers/clocksource/arm_arch_timer.o
  CC      fs/notify/mark.o
  CC      sound/soc/soc-io.o
  LD      drivers/clocksource/built-in.o
  CC      drivers/cpufreq/cpufreq.o
  CC      fs/notify/vfsmount_mark.o
  LD      sound/soc/atmel/built-in.o
  LD      sound/soc/au1x/built-in.o
  CC      fs/notify/fdinfo.o
  LD      sound/soc/blackfin/built-in.o
  LD      sound/soc/cirrus/built-in.o
  CC      sound/soc/codecs/msm_stub.o
  CC      fs/notify/dnotify/dnotify.o
  CC      sound/soc/codecs/msm8x16-wcd.o
  LD      fs/notify/dnotify/built-in.o
  LD      fs/notify/fanotify/built-in.o
  CC      fs/notify/inotify/inotify_fsnotify.o
  CC      drivers/cpufreq/freq_table.o
  CC      fs/notify/inotify/inotify_user.o
  CC      drivers/cpufreq/cpufreq_stats.o
  CC      drivers/cpufreq/cpufreq_performance.o
  LD      fs/notify/inotify/built-in.o
  LD      fs/notify/built-in.o
  CC      fs/proc/task_mmu.o
  CC      drivers/cpufreq/cpufreq_powersave.o
  CC      drivers/cpufreq/cpufreq_userspace.o
  CC      drivers/cpufreq/cpufreq_ondemand.o
  CC      fs/proc/inode.o
  LD      firmware/built-in.o
  LD      arch/arm/oprofile/built-in.o
  CC      drivers/cpufreq/cpufreq_interactive.o
  CC      fs/proc/root.o
  CC      net/socket.o
  CC      fs/proc/base.o
  CC      drivers/cpufreq/cpufreq_governor.o
  CC      sound/soc/codecs/msm8x16-wcd-tables.o
  CC      fs/proc/generic.o
  CC      drivers/cpufreq/qcom-cpufreq.o
  CC      sound/soc/codecs/wcd-mbhc-v2.o
  CC      fs/proc/array.o
  CC      drivers/cpufreq/cpufreq_persistent_stats.o
  CC      net/802/p8022.o
  LD      drivers/cpufreq/built-in.o
  CC      drivers/cpuidle/cpuidle.o
  CC      fs/proc/fd.o
  CC      net/802/psnap.o
  CC      fs/proc/proc_tty.o
  CC      drivers/cpuidle/driver.o
  CC      fs/proc/cmdline.o
  CC      sound/soc/codecs/wcd9xxx-common.o
  CC      drivers/cpuidle/governor.o
  CC      fs/proc/consoles.o
  CC      drivers/cpuidle/sysfs.o
  CC      fs/proc/cpuinfo.o
  CC      net/802/stp.o
  CC      fs/proc/devices.o
  CC      fs/proc/interrupts.o
  CC      drivers/cpuidle/governors/ladder.o
  CC      fs/proc/loadavg.o
  CC      fs/proc/meminfo.o
  CC      drivers/cpuidle/governors/menu.o
  CC      fs/proc/stat.o
  LD      drivers/cpuidle/governors/built-in.o
  CC      drivers/cpuidle/lpm-levels.o
  LD      net/802/built-in.o
  CC      net/bluetooth/af_bluetooth.o
  CC      sound/soc/codecs/wcd9xxx-resmgr.o
  CC      fs/proc/uptime.o
  CC      fs/proc/version.o
  CC      fs/proc/softirqs.o
  CC      fs/proc/namespaces.o
  CC      sound/soc/codecs/wcd9xxx-mbhc.o
  CC      drivers/cpuidle/lpm-levels-of.o
  CC      net/bluetooth/hci_core.o
  CC      fs/proc/self.o
  CC      fs/proc/proc_sysctl.o
  CC      drivers/cpuidle/lpm-workarounds.o
  LD      drivers/cpuidle/built-in.o
  CC      drivers/crypto/msm/qcedev.o
  CC      fs/proc/proc_net.o
  CC      fs/proc/kmsg.o
  CC      fs/proc/page.o
  CC      drivers/crypto/msm/qce50.o
  LD      fs/proc/proc.o
  LD      fs/proc/built-in.o
  LD      fs/quota/built-in.o
  CC      fs/ramfs/inode.o
  CC      net/bluetooth/hci_conn.o
  CC      sound/soc/codecs/wcd9306.o
  CC      fs/ramfs/file-mmu.o
  LD      fs/ramfs/ramfs.o
  LD      fs/ramfs/built-in.o
  CC      fs/sysfs/inode.o
  CC      fs/sysfs/file.o
  CC      net/bluetooth/hci_event.o
  CC      fs/sysfs/dir.o
  CC      drivers/crypto/msm/qcrypto.o
  CC      fs/sysfs/symlink.o
  CC      sound/soc/codecs/wcd9306-tables.o
  CC      net/bluetooth/mgmt.o
  CC      sound/soc/codecs/wcdcal-hwdep.o
  LD      drivers/crypto/msm/built-in.o
  CC      fs/sysfs/mount.o
  LD      drivers/crypto/built-in.o
  CC      drivers/devfreq/devfreq.o
  CC      sound/soc/codecs/msm8916-wcd-irq.o
  CC      fs/sysfs/bin.o
  CC      drivers/devfreq/devfreq_trace.o
  CC      drivers/devfreq/governor_simpleondemand.o
  CC      fs/sysfs/group.o
  LD      sound/soc/codecs/snd-soc-msm-stub.o
  LD      sound/soc/codecs/snd-soc-msm8909-wcd.o
  LD      sound/soc/codecs/built-in.o
  LD      sound/soc/davinci/built-in.o
  LD      sound/soc/dwc/built-in.o
  CC      drivers/devfreq/governor_performance.o
  LD      sound/soc/fsl/built-in.o
  LD      sound/soc/generic/built-in.o
  LD      sound/soc/jz4740/built-in.o
  LD      sound/soc/kirkwood/built-in.o
  LD      sound/soc/mid-x86/built-in.o
  CC      sound/soc/msm/msm-pcm-hostless.o
  CC      drivers/devfreq/governor_powersave.o
  LD      fs/sysfs/built-in.o
  CC      drivers/devfreq/governor_userspace.o
  CC      fs/eventpoll.o
  CC      sound/soc/msm/msm8x16.o
  CC      drivers/devfreq/governor_cpufreq.o
  CC      net/bluetooth/hci_sock.o
  CC      drivers/devfreq/governor_msm_adreno_tz.o
  CC      fs/anon_inodes.o
  CC      drivers/devfreq/bimc-bwmon.o
  CC      fs/signalfd.o
  CC      net/bluetooth/hci_sysfs.o
  CC      drivers/devfreq/governor_bw_hwmon.o
  CC      fs/timerfd.o
  CC      sound/soc/msm/msm-dai-fe.o
  CC      drivers/devfreq/governor_gpubw_mon.o
  CC      net/bluetooth/l2cap_core.o
  CC      fs/eventfd.o
  CC      drivers/devfreq/governor_bw_vbif.o
  CC      sound/soc/msm/qdsp6v2/msm-dai-q6-v2.o
  CC      drivers/devfreq/governor_spdm_bw_hyp.o
  CC      drivers/devfreq/devfreq_devbw.o
  CC      fs/aio.o
  CC      drivers/devfreq/devfreq_simple_dev.o
  CC      drivers/devfreq/devfreq_spdm.o
  CC      sound/soc/msm/qdsp6v2/msm-pcm-q6-v2.o
  CC      fs/locks.o
  CC      drivers/devfreq/devfreq_spdm_debugfs.o
  LD      drivers/devfreq/built-in.o
  LD      drivers/firewire/built-in.o
  CC      drivers/firmware/qcom/tz_log.o
  CC      sound/soc/msm/qdsp6v2/msm-pcm-routing-v2.o
  LD      drivers/firmware/qcom/built-in.o
  LD      drivers/firmware/built-in.o
  CC      drivers/gpio/devres.o
  CC      fs/binfmt_script.o
  CC      fs/binfmt_elf.o
  CC      drivers/gpio/gpiolib.o
  CC      net/bluetooth/l2cap_sock.o
  CC      fs/mbcache.o
  CC      sound/soc/msm/qdsp6v2/msm-compress-q6-v2.o
  CC      drivers/gpio/gpiolib-of.o
  CC      net/bluetooth/smp.o
  CC      fs/coredump.o
  CC      drivers/gpio/qpnp-pin.o
  CC      net/bluetooth/sco.o
  CC      drivers/gpio/gpio-msm-smp2p.o
  CC      sound/soc/msm/qdsp6v2/msm-compr-q6-v2.o
  CC      fs/drop_caches.o
  CC      fs/dcookies.o
  CC      drivers/gpio/gpio-msm-smp2p-test.o
  CC      net/bluetooth/lib.o
  LD      fs/built-in.o
  CC      sound/soc/msm/qdsp6v2/msm-pcm-lpa-v2.o
  LD      drivers/gpio/built-in.o
  LD      drivers/gpu/drm/i2c/built-in.o
  LD      drivers/gpu/drm/built-in.o
  CC      drivers/gpu/msm/adreno_ringbuffer.o
  CC      net/bluetooth/a2mp.o
  CC      sound/soc/msm/qdsp6v2/msm-pcm-afe-v2.o
  CC      net/bluetooth/amp.o
  CC      sound/soc/msm/qdsp6v2/msm-pcm-voip-v2.o
  CC      net/bluetooth/bnep/core.o
  CC      sound/soc/msm/qdsp6v2/msm-pcm-voice-v2.o
  CC      drivers/gpu/msm/adreno_drawctxt.o
  CC      net/bluetooth/bnep/sock.o
  CC      sound/soc/msm/qdsp6v2/msm-dai-q6-hdmi-v2.o
  CC      drivers/gpu/msm/adreno_dispatch.o
  CC      sound/soc/msm/qdsp6v2/msm-lsm-client.o
  CC      net/bluetooth/bnep/netdev.o
  LD      net/bluetooth/bnep/bnep.o
  LD      net/bluetooth/bnep/built-in.o
  CC      net/bluetooth/hidp/core.o
  CC      sound/soc/msm/qdsp6v2/msm-pcm-host-voice-v2.o
  CC      drivers/gpu/msm/adreno_snapshot.o
  CC      drivers/gpu/msm/adreno_coresight.o
  CC      sound/soc/msm/qdsp6v2/msm-audio-effects-q6-v2.o
  CC      net/bluetooth/hidp/sock.o
  LD      sound/soc/mxs/built-in.o
  LD      sound/sparc/built-in.o
  CC      drivers/gpu/msm/adreno_trace.o
  CC      net/bridge/br.o
  LD      net/bluetooth/hidp/hidp.o
  LD      net/bluetooth/hidp/built-in.o
  CC      net/bluetooth/rfcomm/core.o
  CC      sound/soc/msm/qdsp6v2/msm-pcm-loopback-v2.o
  CC      net/bridge/br_device.o
  CC      sound/soc/msm/qdsp6v2/msm-dai-slim.o
  CC      drivers/gpu/msm/adreno_a3xx.o
  CC      net/bridge/br_fdb.o
  CC      sound/soc/msm/qdsp6v2/msm-pcm-dtmf-v2.o
  CC      net/bluetooth/rfcomm/sock.o
  CC      sound/soc/msm/qdsp6v2/msm-dai-stub-v2.o
  CC      drivers/gpu/msm/adreno_a4xx.o
  CC      net/bridge/br_forward.o
  CC      sound/soc/msm/qdsp6v2/msm-pcm-routing-devdep.o
  CC      net/bluetooth/rfcomm/tty.o
  CC      net/bridge/br_if.o
  CC      sound/soc/msm/qdsp6v2/msm-qti-pp-config.o
  CC      drivers/gpu/msm/adreno_a3xx_snapshot.o
  CC      drivers/gpu/msm/adreno_a4xx_snapshot.o
  CC      sound/soc/msm/qdsp6v2/audio_calibration.o
  LD      net/bluetooth/rfcomm/rfcomm.o
  LD      net/bluetooth/rfcomm/built-in.o
  LD      net/bluetooth/bluetooth.o
  CC      net/bridge/br_input.o
  CC      drivers/gpu/msm/adreno.o
  LD      net/bluetooth/built-in.o
  LD      sound/soc/msm/snd-soc-qdsp6v2.o
  LD      sound/soc/nuc900/built-in.o
  LD      drivers/gud/built-in.o
  CC      sound/soc/msm/qdsp6v2/audio_cal_utils.o
  LD      arch/arm/lib/built-in.o
  AS      arch/arm/lib/ashldi3.o
  AS      arch/arm/lib/ashrdi3.o
  AS      arch/arm/lib/backtrace.o
  AS      arch/arm/lib/call_with_stack.o
  AS      arch/arm/lib/changebit.o
  AS      arch/arm/lib/clear_user.o
  AS      arch/arm/lib/clearbit.o
  AS      arch/arm/lib/copy_from_user.o
  AS      arch/arm/lib/copy_page.o
  CC      net/bridge/br_ioctl.o
  AS      arch/arm/lib/copy_to_user.o
  AS      arch/arm/lib/csumipv6.o
  AS      arch/arm/lib/csumpartial.o
  AS      arch/arm/lib/csumpartialcopy.o
  AS      arch/arm/lib/csumpartialcopyuser.o
  AS      arch/arm/lib/delay-loop.o
  CC      arch/arm/lib/delay.o
  CC      sound/soc/msm/qdsp6v2/q6adm.o
  AS      arch/arm/lib/div64.o
  AS      arch/arm/lib/findbit.o
  AS      arch/arm/lib/getuser.o
  AS      arch/arm/lib/io-readsb.o
  AS      arch/arm/lib/io-readsl.o
  CC      net/bridge/br_notify.o
  AS      arch/arm/lib/io-readsw-armv4.o
  AS      arch/arm/lib/io-writesb.o
  AS      arch/arm/lib/io-writesl.o
  AS      arch/arm/lib/io-writesw-armv4.o
  AS      arch/arm/lib/lib1funcs.o
  AS      arch/arm/lib/lshrdi3.o
  AS      arch/arm/lib/memchr.o
  AS      arch/arm/lib/memcpy.o
  AS      arch/arm/lib/memmove.o
  CC      drivers/gpu/msm/adreno_cp_parser.o
  AS      arch/arm/lib/memset.o
  AS      arch/arm/lib/memzero.o
  AS      arch/arm/lib/muldi3.o
  AS      arch/arm/lib/putuser.o
  AS      arch/arm/lib/setbit.o
  CC      net/bridge/br_stp.o
  AS      arch/arm/lib/strchr.o
  AS      arch/arm/lib/strrchr.o
  AS      arch/arm/lib/testchangebit.o
  AS      arch/arm/lib/testclearbit.o
  AS      arch/arm/lib/testsetbit.o
  AS      arch/arm/lib/ucmpdi2.o
  AR      arch/arm/lib/lib.a
  CC      net/core/sock.o
  CC      drivers/gpu/msm/adreno_iommu.o
  CC      net/bridge/br_stp_bpdu.o
  CC      sound/soc/msm/qdsp6v2/q6afe.o
  CC      drivers/gpu/msm/adreno_perfcounter.o
  CC      net/bridge/br_stp_if.o
  CC      drivers/gpu/msm/adreno_debugfs.o
  CC      net/bridge/br_stp_timer.o
  CC      drivers/gpu/msm/adreno_profile.o
  CC      net/core/request_sock.o
  CC      net/bridge/br_netlink.o
  CC      drivers/gpu/msm/kgsl.o
  CC      sound/soc/msm/qdsp6v2/q6asm.o
  CC      net/bridge/br_sysfs_if.o
  CC      net/core/skbuff.o
  CC      net/bridge/br_sysfs_br.o
  CC      net/bridge/br_netfilter.o
  CC      sound/soc/msm/qdsp6v2/q6audio-v2.o
  CC      net/bridge/br_multicast.o
  CC      sound/soc/msm/qdsp6v2/q6voice.o
  CC      net/core/iovec.o
  CC      drivers/gpu/msm/kgsl_trace.o
  CC      net/bridge/br_mdb.o
  CC      net/core/datagram.o
  CC      net/bridge/netfilter/ebtables.o
  CC      net/core/stream.o
  CC      sound/soc/msm/qdsp6v2/q6core.o
  CC      drivers/gpu/msm/kgsl_sharedmem.o
  CC      sound/soc/msm/qdsp6v2/rtac.o
  CC      net/core/scm.o
  CC      net/bridge/netfilter/ebtable_broute.o
  CC      drivers/gpu/msm/kgsl_pwrctrl.o
  LD      net/bridge/netfilter/built-in.o
  LD      net/bridge/bridge.o
  CC      sound/soc/msm/qdsp6v2/q6lsm.o
  LD      net/bridge/built-in.o
  CC      lib/bcd.o
  CC      lib/div64.o
  CC      lib/sort.o
  CC      net/core/gen_stats.o
  CC      lib/parser.o
  CC      sound/soc/msm/qdsp6v2/audio_slimslave.o
  CC      lib/halfmd4.o
  CC      drivers/gpu/msm/kgsl_pwrscale.o
  CC      lib/debug_locks.o
  CC      net/core/gen_estimator.o
  LD      sound/soc/msm/qdsp6v2/snd-soc-qdsp6v2.o
  CC      lib/random32.o
  CC      lib/bust_spinlocks.o
  LD      sound/soc/msm/qdsp6v2/built-in.o
  CC      drivers/gpu/msm/kgsl_mmu.o
  CC      lib/hexdump.o
  LD      sound/soc/msm/snd-soc-msm8909.o
  LD      sound/soc/msm/snd-soc-hostless-pcm.o
  CC      lib/kasprintf.o
  LD      sound/soc/msm/built-in.o
  CC      net/core/net_namespace.o
  LD      sound/soc/omap/built-in.o
  LD      sound/soc/pxa/built-in.o
  LD      sound/soc/s6000/built-in.o
  LD      sound/soc/samsung/built-in.o
  LD      sound/soc/sh/built-in.o
  LD      sound/soc/tegra/built-in.o
  LD      sound/soc/txx9/built-in.o
  LD      sound/soc/ux500/built-in.o
  LD      sound/soc/snd-soc-core.o
  CC      lib/bitmap.o
  CC      drivers/gpu/msm/kgsl_iommu.o
  CC      lib/scatterlist.o
  CC      net/core/secure_seq.o
  CC      net/core/flow_dissector.o
  CC      lib/gcd.o
  CC      lib/lcm.o
  CC      lib/list_sort.o
  CC      lib/uuid.o
  CC      lib/flex_array.o
  CC      drivers/gpu/msm/kgsl_snapshot.o
  LD      sound/soc/built-in.o
  LD      sound/spi/built-in.o
  LD      sound/synth/built-in.o
  CC      lib/iovec.o
  CC      sound/usb/card.o
  CC      lib/bsearch.o
  CC      net/core/sysctl_net_core.o
  CC      lib/find_last_bit.o
  CC      lib/find_next_bit.o
  CC      lib/llist.o
  CC      lib/memweight.o
  CC      lib/kfifo.o
  CC      drivers/gpu/msm/kgsl_events.o
  CC      net/core/dev.o
  CC      sound/usb/clock.o
  CC      sound/usb/endpoint.o
  CC      lib/string_helpers.o
  CC      drivers/gpu/msm/kgsl_heap.o
  CC      lib/kstrtox.o
  CC      sound/usb/format.o
  CC      lib/pci_iomap.o
  CC      drivers/gpu/msm/kgsl_debugfs.o
  CC      lib/iomap_copy.o
  CC      lib/devres.o
  CC      sound/usb/helper.o
  CC      sound/usb/mixer.o
  CC      drivers/gpu/msm/kgsl_sync.o
  CC      lib/hweight.o
  CC      lib/smp_processor_id.o
  CC      lib/bitrev.o
  LD      drivers/gpu/msm/msm_kgsl_core.o
  LD      drivers/gpu/msm/msm_adreno.o
  CC      lib/crc-ccitt.o
  CC      lib/crc16.o
  LD      drivers/gpu/msm/built-in.o
  HOSTCC  lib/gen_crc32table
  LD      drivers/gpu/vga/built-in.o
  LD      drivers/gpu/built-in.o
  CC      sound/usb/mixer_quirks.o
  CC      drivers/hid/hid-debug.o
  CC      lib/libcrc32c.o
  CC      net/core/ethtool.o
  CC      lib/genalloc.o
  CC      sound/usb/pcm.o
  CC      drivers/hid/hid-core.o
  CC      lib/lzo/lzo1x_compress.o
  CC      lib/lzo/lzo1x_decompress_safe.o
  CC      sound/usb/proc.o
  LD      lib/lzo/lzo_compress.o
  LD      lib/lzo/lzo_decompress.o
  LD      lib/lzo/built-in.o
  CC      lib/zlib_deflate/deflate.o
  CC      sound/usb/quirks.o
  CC      drivers/hid/hid-input.o
  CC      net/core/dev_addr_lists.o
  CC      lib/zlib_deflate/deftree.o
  CC      sound/usb/stream.o
  CC      lib/zlib_deflate/deflate_syms.o
  CC      sound/usb/midi.o
  LD      lib/zlib_deflate/zlib_deflate.o
  LD      lib/zlib_deflate/built-in.o
  CC      lib/zlib_inflate/inffast.o
  CC      net/core/dst.o
  CC      lib/zlib_inflate/inflate.o
  CC      drivers/hid/uhid.o
  CC      lib/zlib_inflate/infutil.o
  CC      drivers/hid/hid-generic.o
  CC      net/core/netevent.o
  CC      lib/zlib_inflate/inftrees.o
  CC      drivers/hid/hid-apple.o
  CC      lib/zlib_inflate/inflate_syms.o
  LD      lib/zlib_inflate/zlib_inflate.o
  LD      lib/zlib_inflate/built-in.o
  CC      lib/textsearch.o
  LD      sound/usb/6fire/built-in.o
  LD      sound/usb/caiaq/built-in.o
  LD      sound/usb/misc/built-in.o
  LD      sound/usb/usx2y/built-in.o
  LD      sound/usb/snd-usb-audio.o
  LD      sound/usb/snd-usbmidi-lib.o
  LD      sound/usb/built-in.o
  CC      sound/last.o
  CC      net/core/neighbour.o
  CC      drivers/hid/hid-elecom.o
  LD      sound/soundcore.o
  CC      drivers/hid/hid-magicmouse.o
  CC      lib/ts_kmp.o
  LD      sound/built-in.o
  CC      lib/ts_bm.o
  CC      drivers/hid/hid-microsoft.o
  CC      lib/ts_fsm.o
  CC      drivers/hid/hid-multitouch.o
  CC      net/ethernet/eth.o
  CC      lib/percpu_counter.o
  CC      drivers/hid/usbhid/hid-core.o
  CC      lib/audit.o
  CC      lib/syscall.o
  CC      net/core/rtnetlink.o
  LD      net/ethernet/built-in.o
  LD      drivers/hsi/clients/built-in.o
  LD      drivers/hsi/built-in.o
  CC      drivers/hid/usbhid/hid-quirks.o
  CC      lib/dynamic_debug.o
  CC      net/ipc_router/ipc_router_core.o
  LD      drivers/hid/usbhid/usbhid.o
  LD      drivers/hid/usbhid/built-in.o
  LD      drivers/hid/hid.o
  LD      drivers/hid/built-in.o
  CC      drivers/hwmon/hwmon.o
  CC      drivers/hwmon/qpnp-buck-current-monitor.o
  CC      lib/nlattr.o
  CC      drivers/hwmon/qpnp-adc-voltage.o
  CC      net/core/utils.o
  CC      lib/cpu_rmap.o
  CC      net/ipc_router/ipc_router_socket.o
  CC      net/core/link_watch.o
  CC      lib/dynamic_queue_limits.o
  CC      drivers/hwmon/qpnp-adc-common.o
  CC      net/ipc_router/ipc_router_security.o
  CC      lib/qmi_encdec.o
  CC      net/core/filter.o
  CC      lib/strncpy_from_user.o
  CC      drivers/hwmon/qpnp-adc-current.o
  CC      lib/strnlen_user.o
  LD      net/ipc_router/built-in.o
  CC      net/ipv4/route.o
  CC      lib/argv_split.o
  CC      net/core/sock_diag.o
  CC      lib/bug.o
  LD      drivers/hwmon/built-in.o
  CC      drivers/hwspinlock/hwspinlock_core.o
  CC      lib/cmdline.o
  CC      lib/cpumask.o
  CC      drivers/hwspinlock/msm_remote_spinlock.o
  CC      lib/ctype.o
  CC      lib/dec_and_lock.o
  CC      net/core/dev_ioctl.o
  CC      lib/decompress.o
  CC      lib/decompress_bunzip2.o
  LD      drivers/hwspinlock/built-in.o
  CC      drivers/i2c/i2c-boardinfo.o
  CC      lib/decompress_inflate.o
  CC      drivers/i2c/i2c-core.o
  CC      net/ipv4/inetpeer.o
  CC      lib/decompress_unlzma.o
  CC      net/core/flow.o
  CC      lib/dump_stack.o
  CC      lib/earlycpio.o
  CC      lib/extable.o
  CC      net/core/net-sysfs.o
  CC      lib/fdt.o
  CC      net/ipv4/protocol.o
  CC      drivers/i2c/i2c-dev.o
  CC      lib/fdt_ro.o
  CC      lib/fdt_rw.o
  LD      drivers/i2c/algos/built-in.o
  CC      drivers/i2c/busses/i2c-msm-v2.o
  CC      net/ipv4/ip_input.o
  CC      lib/fdt_strerror.o
  CC      lib/fdt_sw.o
  CC      net/core/net-procfs.o
  CC      lib/fdt_wip.o
  CC      lib/flex_proportions.o
  CC      lib/idr.o
  CC      net/core/fib_rules.o
  CC      net/ipv4/ip_fragment.o
  CC      lib/int_sqrt.o
  LD      drivers/i2c/busses/built-in.o
  LD      drivers/i2c/muxes/built-in.o
  LD      drivers/i2c/built-in.o
  LD      drivers/idle/built-in.o
  CC      lib/ioremap.o
  CC      drivers/input/input.o
  CC      lib/irq_regs.o
  CC      lib/is_single_threaded.o
  CC      net/core/net-traces.o
  CC      lib/klist.o
  CC      net/ipv4/ip_forward.o
  CC      lib/kobject.o
  CC      drivers/input/input-compat.o
  CC      net/ipv4/ip_options.o
  CC      drivers/input/input-mt.o
  CC      net/core/sockev_nlmcast.o
  CC      lib/kobject_uevent.o
  LD      net/core/built-in.o
  CC      drivers/input/ff-core.o
  CC      net/ipv4/ip_output.o
  CC      lib/md5.o
  CC      drivers/input/mousedev.o
  CC      lib/plist.o
  CC      lib/prio_heap.o
  CC      lib/proportions.o
  CC      drivers/input/evdev.o
  CC      net/ipv6/af_inet6.o
  CC      lib/radix-tree.o
  CC      drivers/input/joystick/xpad.o
  CC      net/ipv4/ip_sockglue.o
  CC      lib/ratelimit.o
  CC      lib/rbtree.o
  LD      drivers/input/joystick/built-in.o
  CC      drivers/input/keyboard/atkbd.o
  CC      lib/reciprocal_div.o
  CC      net/ipv6/anycast.o
  CC      lib/rwsem-spinlock.o
  CC      lib/sha1.o
  CC      drivers/input/keyboard/gpio_keys.o
  CC      net/ipv6/ip6_output.o
  CC      lib/show_mem.o
  CC      net/ipv4/inet_hashtables.o
  CC      lib/string.o
  LD      drivers/input/keyboard/built-in.o
  CC      drivers/input/misc/uinput.o
  CC      lib/timerqueue.o
  CC      lib/vsprintf.o
  CC      drivers/input/misc/mmc3416x.o
  CC      net/ipv4/inet_timewait_sock.o
  CC      drivers/input/misc/mpu6050.o
  CC      net/ipv6/ip6_input.o
  GEN     lib/crc32table.h
  AR      lib/lib.a
  CC      net/ipv4/inet_connection_sock.o
  CC      lib/crc32.o
  CC      net/ipv6/addrconf.o
  LD      lib/built-in.o
  CC      drivers/input/misc/akm8963.o
  CC      net/ipv4/tcp.o
  CC      drivers/input/misc/ap3426.o
  CC      drivers/input/touchscreen/atmel_mxt_ts.o
  CC      drivers/input/misc/bstclass.o
  CC      drivers/input/touchscreen/gen_vkeys.o
  CC      net/ipv6/addrlabel.o
  CC      drivers/input/misc/bma2x2.o
  CC      net/ipv4/tcp_input.o
  CC      drivers/input/touchscreen/synaptics_dsx/synaptics_dsx_i2c.o
  CC      net/ipv6/route.o
  CC      drivers/input/touchscreen/synaptics_dsx/synaptics_dsx_core.o
  CC      drivers/input/misc/ltr553.o
  LD      drivers/input/misc/built-in.o
  CC      net/ipv6/ip6_fib.o
  CC      drivers/input/touchscreen/synaptics_dsx/synaptics_dsx_rmi_dev.o
  CC      drivers/input/serio/serio.o
  CC      net/ipv4/tcp_output.o
  CC      drivers/input/touchscreen/synaptics_dsx/synaptics_dsx_fw_update.o
  CC      drivers/input/serio/serport.o
  CC      net/ipv6/ipv6_sockglue.o
  CC      drivers/input/serio/libps2.o
  LD      drivers/input/touchscreen/synaptics_dsx/built-in.o
  CC      drivers/input/touchscreen/ft5x06_ts.o
  LD      drivers/input/serio/built-in.o
  CC      drivers/input/touchscreen/synaptics_rmi_dev.o
  CC      net/ipv4/tcp_timer.o
  CC      net/ipv4/tcp_ipv4.o
  CC      net/ipv6/ndisc.o
  CC      drivers/input/touchscreen/synaptics_fw_update.o
  CC      net/key/af_key.o
  CC      drivers/input/touchscreen/synaptics_i2c_rmi4.o
  CC      net/ipv6/udp.o
  CC      net/ipv4/tcp_minisocks.o
  LD      net/key/built-in.o
  LD      drivers/input/input-core.o
  LD      drivers/input/touchscreen/built-in.o
  CC      drivers/iommu/iommu.o
  LD      drivers/input/built-in.o
  CC      net/ipv6/udplite.o
  CC      net/ipv4/tcp_cong.o
  CC      net/ipv6/raw.o
  CC      net/ipv6/icmp.o
  CC      drivers/iommu/of_iommu.o
  CC      drivers/iommu/msm_iommu.o
  CC      net/ipv4/tcp_metrics.o
  CC      drivers/iommu/msm_iommu_domains.o
  CC      drivers/irqchip/irqchip.o
  CC      net/ipv6/mcast.o
  CC      drivers/irqchip/irq-gic.o
  CC      drivers/iommu/msm_iommu_mapping.o
  CC      drivers/irqchip/irq-msm.o
  CC      net/ipv4/tcp_fastopen.o
  CC      drivers/irqchip/msm_show_resume_irq.o
  LD      drivers/irqchip/built-in.o
  CC      drivers/iommu/msm_iommu-v1.o
  CC      net/ipv4/datagram.o
  CC      net/llc/llc_core.o
  CC      net/ipv6/reassembly.o
  CC      net/ipv4/raw.o
  CC      drivers/iommu/msm_iommu_dev-v1.o
  CC      net/llc/llc_input.o
  CC      drivers/iommu/msm_iommu_sec.o
  CC      net/llc/llc_output.o
  CC      net/ipv6/tcp_ipv6.o
  CC      net/ipv4/udp.o
  CC      drivers/iommu/msm_iommu_pagetable.o
  LD      net/llc/llc.o
  LD      net/llc/built-in.o
  CC      net/netfilter/core.o
  LD      drivers/iommu/built-in.o
  CC      drivers/leds/led-core.o
  CC      drivers/leds/led-class.o
  CC      net/ipv6/ping.o
  CC      net/netfilter/nf_log.o
  CC      drivers/leds/led-triggers.o
  CC      drivers/leds/leds-qpnp.o
  CC      net/ipv6/exthdrs.o
  CC      net/netfilter/nf_queue.o
  CC      net/ipv4/udplite.o
  CC      net/ipv4/arp.o
  CC      net/netfilter/nf_sockopt.o
  CC      net/ipv6/datagram.o
  CC      drivers/leds/leds-gpio.o
  CC      drivers/leds/leds-msm-gpio-flash.o
  CC      net/netfilter/nf_conntrack_core.o
  CC      drivers/leds/leds-aw2013.o
  CC      net/ipv6/ip6_flowlabel.o
  CC      net/ipv4/icmp.o
  LD      drivers/leds/trigger/built-in.o
  LD      drivers/leds/built-in.o
  LD      drivers/lguest/built-in.o
  LD      drivers/macintosh/built-in.o
  CC      drivers/md/dm.o
  CC      net/ipv6/inet6_connection_sock.o
  CC      net/ipv4/devinet.o
  CC      net/netfilter/nf_conntrack_standalone.o
  CC      drivers/md/dm-table.o
  CC      net/ipv6/sysctl_net_ipv6.o
  CC      net/netfilter/nf_conntrack_expect.o
  CC      net/ipv6/xfrm6_policy.o
  CC      drivers/md/dm-target.o
  CC      net/ipv4/af_inet.o
  CC      net/ipv6/xfrm6_state.o
  CC      drivers/md/dm-linear.o
  CC      net/netfilter/nf_conntrack_helper.o
  CC      drivers/md/dm-stripe.o
  CC      net/ipv6/xfrm6_input.o
  CC      drivers/md/dm-ioctl.o
  CC      net/netfilter/nf_conntrack_proto.o
  CC      net/ipv6/xfrm6_output.o
  CC      net/ipv4/igmp.o
  CC      drivers/md/dm-io.o
  CC      net/netfilter/nf_conntrack_l3proto_generic.o
  CC      net/ipv6/netfilter.o
  CC      drivers/md/dm-kcopyd.o
  CC      net/ipv4/fib_frontend.o
  CC      net/netfilter/nf_conntrack_proto_generic.o
  CC      net/ipv6/fib6_rules.o
  CC      net/netfilter/nf_conntrack_proto_tcp.o
  CC      drivers/md/dm-sysfs.o
  CC      net/ipv6/proc.o
  CC      drivers/md/dm-builtin.o
  CC      drivers/md/dm-bufio.o
  CC      net/ipv4/fib_semantics.o
  CC      net/ipv6/ah6.o
  CC      net/netfilter/nf_conntrack_proto_udp.o
  CC      net/ipv6/esp6.o
  CC      net/ipv4/fib_trie.o
  CC      drivers/md/dm-crypt.o
  CC      net/netfilter/nf_conntrack_extend.o
  CC      net/ipv6/ipcomp6.o
  CC      net/ipv6/xfrm6_tunnel.o
  CC      drivers/md/dm-verity.o
  CC      net/netfilter/nf_conntrack_acct.o
  CC      net/ipv4/inet_fragment.o
  CC      drivers/md/dm-req-crypt.o
  CC      net/netfilter/nf_conntrack_ecache.o
  CC      net/ipv6/tunnel6.o
  LD      drivers/md/dm-mod.o
  LD      drivers/md/built-in.o
  CC      net/netfilter/nf_conntrack_h323_main.o
  LD      drivers/media/common/b2c2/built-in.o
  LD      drivers/media/common/saa7146/built-in.o
  LD      drivers/media/common/siano/built-in.o
  LD      drivers/media/common/built-in.o
  CC      net/ipv4/ping.o
  LD      drivers/media/firewire/built-in.o
  LD      drivers/media/i2c/soc_camera/built-in.o
  LD      drivers/media/i2c/built-in.o
  LD      drivers/media/mmc/siano/built-in.o
  LD      drivers/media/mmc/built-in.o
  LD      drivers/media/parport/built-in.o
  LD      drivers/media/pci/b2c2/built-in.o
  LD      drivers/media/pci/ddbridge/built-in.o
  LD      drivers/media/pci/dm1105/built-in.o
  LD      drivers/media/pci/mantis/built-in.o
  LD      drivers/media/pci/ngene/built-in.o
  LD      drivers/media/pci/pluto2/built-in.o
  LD      drivers/media/pci/pt1/built-in.o
  CC      net/ipv6/xfrm6_mode_transport.o
  LD      drivers/media/pci/saa7146/built-in.o
  LD      drivers/media/pci/ttpci/built-in.o
  LD      drivers/media/pci/built-in.o
  LD      drivers/media/platform/davinci/built-in.o
  LD      drivers/media/platform/msm/broadcast/built-in.o
  CC      drivers/media/platform/msm/camera_v2/msm.o
  CC      net/ipv6/xfrm6_mode_tunnel.o
  CC      net/ipv6/xfrm6_mode_beet.o
  CC      net/ipv4/ip_tunnel.o
  CC      net/netfilter/nf_conntrack_h323_asn1.o
  CC      net/ipv6/mip6.o
  CC      drivers/media/platform/msm/camera_v2/camera/camera.o
  CC      net/netfilter/nf_nat_core.o
  CC      net/ipv6/netfilter/ip6_tables.o
  LD      drivers/media/platform/msm/camera_v2/camera/built-in.o
  CC      drivers/media/platform/msm/camera_v2/isp/msm_isp.o
  CC      net/ipv4/sysctl_net_ipv4.o
  CC      net/netfilter/nf_nat_proto_unknown.o
  CC      net/ipv4/sysfs_net_ipv4.o
  CC      drivers/media/platform/msm/camera_v2/isp/msm_buf_mgr.o
  CC      net/netfilter/nf_nat_proto_common.o
  CC      net/ipv6/netfilter/ip6table_filter.o
  CC      net/ipv4/proc.o
  CC      drivers/media/platform/msm/camera_v2/isp/msm_isp_util.o
  CC      net/ipv6/netfilter/ip6table_mangle.o
  CC      net/ipv4/fib_rules.o
  CC      net/netfilter/nf_nat_proto_udp.o
  CC      net/ipv6/netfilter/ip6table_raw.o
  CC      net/netfilter/nf_nat_proto_tcp.o
  CC      drivers/media/platform/msm/camera_v2/isp/msm_isp_axi_util.o
  CC      net/ipv6/netfilter/nf_conntrack_l3proto_ipv6.o
  CC      net/netfilter/nf_nat_helper.o
  CC      net/ipv4/ah4.o
  CC      net/ipv6/netfilter/nf_conntrack_proto_icmpv6.o
  CC      drivers/media/platform/msm/camera_v2/isp/msm_isp_stats_util.o
  CC      net/ipv4/esp4.o
  CC      net/netfilter/nfnetlink_queue_core.o
  CC      net/ipv6/netfilter/nf_defrag_ipv6_hooks.o
  CC      drivers/media/platform/msm/camera_v2/isp/msm_isp47.o
  CC      net/ipv4/ipcomp.o
  CC      net/netfilter/nfnetlink.o
  CC      net/ipv6/netfilter/nf_conntrack_reasm.o
  CC      net/ipv4/xfrm4_tunnel.o
  CC      net/ipv4/tunnel4.o
  CC      drivers/media/platform/msm/camera_v2/isp/msm_isp46.o
  CC      net/ipv6/netfilter/ip6t_REJECT.o
  LD      net/netfilter/nfnetlink_queue.o
  CC      net/netfilter/nfnetlink_log.o
  CC      net/ipv4/xfrm4_mode_transport.o
  LD      net/ipv6/netfilter/nf_conntrack_ipv6.o
  LD      net/ipv6/netfilter/nf_defrag_ipv6.o
  LD      net/ipv6/netfilter/built-in.o
  CC      net/ipv6/sit.o
  CC      net/ipv4/xfrm4_mode_tunnel.o
  CC      drivers/media/platform/msm/camera_v2/isp/msm_isp44.o
  LD      net/netfilter/nf_conntrack.o
  CC      net/netfilter/nf_conntrack_proto_dccp.o
  CC      net/ipv6/addrconf_core.o
  CC      net/ipv4/ipconfig.o
  CC      net/netfilter/nf_conntrack_proto_gre.o
  CC      net/ipv6/exthdrs_core.o
  CC      drivers/media/platform/msm/camera_v2/isp/msm_isp40.o
  CC      net/ipv4/netfilter.o
  CC      net/netfilter/nf_conntrack_proto_sctp.o
  CC      net/ipv6/ip6_checksum.o
  CC      net/netfilter/nf_conntrack_proto_udplite.o
  CC      net/ipv4/netfilter/nf_conntrack_l3proto_ipv4_compat.o
  CC      drivers/media/platform/msm/camera_v2/isp/msm_isp32.o
  CC      net/ipv6/ip6_icmp.o
  CC      net/netfilter/nf_conntrack_netlink.o
  CC      net/ipv4/netfilter/nf_conntrack_l3proto_ipv4.o
  CC      net/ipv6/output_core.o
  LD      drivers/media/platform/msm/camera_v2/isp/built-in.o
  CC      drivers/media/platform/msm/camera_v2/ispif/msm_ispif.o
  CC      net/ipv4/netfilter/nf_conntrack_proto_icmp.o
  CC      net/ipv6/protocol.o
  CC      net/netfilter/nf_conntrack_amanda.o
  CC      net/ipv4/netfilter/nf_nat_l3proto_ipv4.o
  CC      net/ipv6/ip6_offload.o
  LD      drivers/media/platform/msm/camera_v2/ispif/built-in.o
  CC      drivers/media/platform/msm/camera_v2/msm_buf_mgr/msm_generic_buf_mgr.o
  CC      net/ipv6/tcpv6_offload.o
  CC      net/netfilter/nf_conntrack_ftp.o
  LD      drivers/media/platform/msm/camera_v2/msm_buf_mgr/built-in.o
  CC      drivers/media/platform/msm/camera_v2/msm_vb2/msm_vb2.o
  CC      net/ipv4/netfilter/nf_nat_proto_icmp.o
  LD      drivers/media/platform/msm/camera_v2/msm_vb2/built-in.o
  CC      net/ipv6/udp_offload.o
  LD      drivers/media/platform/msm/camera_v2/pproc/cpp/built-in.o
  CC      drivers/media/platform/msm/camera_v2/pproc/vpe/msm_vpe.o
  CC      net/ipv4/netfilter/nf_defrag_ipv4.o
  CC      net/ipv6/exthdrs_offload.o
  LD      net/netfilter/nf_conntrack_h323.o
  CC      net/netfilter/nf_conntrack_irc.o
  CC      net/ipv4/netfilter/nf_nat_h323.o
  CC      net/ipv6/inet6_hashtables.o
  LD      drivers/media/platform/msm/camera_v2/pproc/vpe/built-in.o
  LD      drivers/media/platform/msm/camera_v2/pproc/built-in.o
  CC      drivers/media/platform/msm/camera_v2/sensor/actuator/msm_actuator.o
  CC      net/netfilter/nf_conntrack_broadcast.o
  CC      net/ipv4/netfilter/nf_nat_pptp.o
  LD      net/ipv6/ipv6.o
  LD      drivers/media/platform/msm/camera_v2/sensor/actuator/built-in.o
  LD      drivers/media/platform/msm/camera_v2/sensor/cci/built-in.o
  CC      drivers/media/platform/msm/camera_v2/sensor/csid/msm_csid.o
  CC      net/netfilter/nf_conntrack_netbios_ns.o
  CC      net/ipv4/netfilter/nf_nat_proto_gre.o
  CC      net/netfilter/nf_conntrack_pptp.o
  CC      net/ipv4/netfilter/ip_tables.o
  LD      drivers/media/platform/msm/camera_v2/sensor/csid/built-in.o
  CC      drivers/media/platform/msm/camera_v2/sensor/csiphy/msm_csiphy.o
  LD      drivers/media/platform/msm/camera_v2/sensor/csiphy/built-in.o
  CC      net/netfilter/nf_conntrack_sane.o
  CC      drivers/media/platform/msm/camera_v2/sensor/eeprom/msm_eeprom.o
  CC      net/ipv4/netfilter/iptable_filter.o
  CC      net/netfilter/nf_conntrack_sip.o
  LD      drivers/media/platform/msm/camera_v2/sensor/eeprom/built-in.o
  CC      drivers/media/platform/msm/camera_v2/sensor/flash/msm_led_flash.o
  CC      net/ipv4/netfilter/iptable_mangle.o
  CC      drivers/media/platform/msm/camera_v2/sensor/flash/msm_led_trigger.o
  CC      net/ipv4/netfilter/iptable_nat.o
  LD      net/ipv6/built-in.o
  CC      net/ipv4/netfilter/iptable_raw.o
  CC      drivers/media/platform/msm/camera_v2/sensor/flash/msm_led_i2c_trigger.o
  CC      net/ipv4/netfilter/iptable_security.o
  CC      drivers/mfd/mfd-core.o
  CC      net/netfilter/nf_conntrack_tftp.o
  CC      drivers/media/platform/msm/camera_v2/sensor/flash/adp1660.o
  CC      net/ipv4/netfilter/ipt_ah.o
  CC      drivers/mfd/wcd9xxx-core.o
  CC      drivers/media/platform/msm/camera_v2/sensor/flash/bd7710.o
  CC      net/ipv4/netfilter/ipt_MASQUERADE.o
  CC      drivers/media/platform/msm/camera_v2/sensor/flash/msm_led_torch.o
  LD      net/netfilter/nf_nat.o
  CC      net/netfilter/nf_nat_proto_dccp.o
  CC      drivers/media/platform/msm/camera_v2/sensor/flash/msm_flash.o
  CC      net/ipv4/netfilter/ipt_REJECT.o
  CC      net/netfilter/nf_nat_proto_udplite.o
  CC      drivers/media/platform/msm/camera_v2/sensor/flash/lm3642.o
  CC      drivers/mfd/wcd9xxx-irq.o
  CC      net/netfilter/nf_nat_proto_sctp.o
  CC      net/ipv4/netfilter/arp_tables.o
  LD      drivers/media/platform/msm/camera_v2/sensor/flash/built-in.o
  CC      drivers/media/platform/msm/camera_v2/sensor/io/msm_camera_io_util.o
  CC      net/netfilter/nf_nat_amanda.o
  CC      drivers/mfd/wcd9xxx-slimslave.o
  CC      drivers/media/platform/msm/camera_v2/sensor/io/msm_camera_cci_i2c.o
  CC      net/netfilter/nf_nat_ftp.o
  CC      net/ipv4/netfilter/arpt_mangle.o
  CC      drivers/mfd/wcd9xxx-core-resource.o
  CC      drivers/media/platform/msm/camera_v2/sensor/io/msm_camera_qup_i2c.o
  CC      net/netfilter/nf_nat_irc.o
  CC      net/ipv4/netfilter/arptable_filter.o
  LD      drivers/mfd/built-in.o
  CC      net/netfilter/nf_nat_sip.o
  LD      net/ipv4/netfilter/nf_conntrack_ipv4.o
  CC      net/ipv4/inet_diag.o
  CC      drivers/media/platform/msm/camera_v2/sensor/io/msm_camera_spi.o
  LD      net/ipv4/netfilter/nf_nat_ipv4.o
  LD      net/ipv4/netfilter/built-in.o
  CC      drivers/media/radio/radio-iris.o
  CC      drivers/media/platform/msm/camera_v2/sensor/io/msm_camera_dt_util.o
  CC      net/netfilter/nf_nat_tftp.o
  CC      net/netfilter/nf_tproxy_core.o
  CC      net/ipv4/tcp_diag.o
  LD      drivers/media/platform/msm/camera_v2/sensor/io/built-in.o
  CC      drivers/media/platform/msm/camera_v2/sensor/ois/msm_ois.o
  CC      net/netfilter/x_tables.o
  CC      net/ipv4/tcp_cubic.o
  LD      drivers/media/radio/built-in.o
  CC      drivers/media/platform/msm/vidc/msm_v4l2_vidc.o
  LD      drivers/media/platform/msm/camera_v2/sensor/ois/built-in.o
  CC      drivers/media/platform/msm/camera_v2/sensor/msm_sensor_init.o
  CC      net/ipv4/xfrm4_policy.o
  CC      drivers/media/platform/msm/camera_v2/sensor/msm_sensor_driver.o
  CC      net/ipv4/xfrm4_state.o
  CC      drivers/media/platform/msm/camera_v2/sensor/msm_sensor.o
  CC      net/netfilter/xt_tcpudp.o
  CC      net/ipv4/xfrm4_input.o
  CC      drivers/media/platform/msm/vidc/msm_vidc_common.o
  CC      net/netfilter/xt_mark.o
  CC      drivers/media/platform/msm/camera_v2/sensor/gc0310.o
  CC      net/netfilter/xt_connmark.o
  LD      drivers/media/platform/msm/camera_v2/sensor/built-in.o
  CC      net/ipv4/xfrm4_output.o
  LD      drivers/media/platform/msm/camera_v2/built-in.o
  CC      net/netfilter/xt_nat.o
  CC      net/netlink/af_netlink.o
  CC      net/netfilter/xt_CLASSIFY.o
  LD      net/ipv4/built-in.o
  CC      net/netfilter/xt_CONNSECMARK.o
  CC      net/netfilter/xt_CT.o
  CC      net/netfilter/xt_LOG.o
  CC      net/netlink/genetlink.o
  CC      drivers/media/platform/msm/vidc/msm_vidc.o
  CC      net/netfilter/xt_NETMAP.o
  LD      net/netlink/built-in.o
  CC      net/netfilter/xt_NFLOG.o
  CC      drivers/misc/apds993x.o
  CC      net/netfilter/xt_NFQUEUE.o
  LD      drivers/misc/carma/built-in.o
  CC      net/netfilter/xt_REDIRECT.o
  LD      drivers/misc/cb710/built-in.o
  CC      drivers/misc/eeprom/eeprom_93cx6.o
  CC      drivers/media/platform/msm/vidc/msm_vdec.o
  CC      net/netfilter/xt_SECMARK.o
  CC      net/netfilter/xt_TPROXY.o
  CC      net/netfilter/xt_TRACE.o
  CC      drivers/media/platform/msm/vidc/msm_venc.o
  LD      drivers/misc/eeprom/built-in.o
  LD      drivers/misc/lis3lv02d/built-in.o
  CC      net/netfilter/xt_IDLETIMER.o
  CC      drivers/misc/qcom/qdsp6v2/aac_in.o
  CC      drivers/misc/qcom/qdsp6v2/qcelp_in.o
  CC      net/netfilter/xt_HARDIDLETIMER.o
  CC      drivers/misc/qcom/qdsp6v2/evrc_in.o
  CC      net/netfilter/xt_comment.o
  CC      drivers/misc/qcom/qdsp6v2/amrnb_in.o
  CC      net/netfilter/xt_connlimit.o
  CC      drivers/misc/qcom/qdsp6v2/audio_utils.o
  CC      drivers/media/platform/msm/vidc/msm_smem.o
  CC      net/netfilter/xt_conntrack.o
  CC      net/packet/af_packet.o
  CC      drivers/misc/qcom/qdsp6v2/audio_wma.o
  CC      drivers/media/platform/msm/vidc/msm_vidc_debug.o
  CC      net/netfilter/xt_dscp.o
  CC      drivers/misc/qcom/qdsp6v2/audio_wmapro.o
  CC      net/netfilter/xt_ecn.o
  CC      drivers/misc/qcom/qdsp6v2/audio_aac.o
  CC      drivers/media/platform/msm/vidc/msm_vidc_res_parse.o
  CC      net/netfilter/xt_esp.o
  CC      drivers/misc/qcom/qdsp6v2/audio_multi_aac.o
  CC      net/netfilter/xt_hashlimit.o
  CC      drivers/misc/qcom/qdsp6v2/audio_utils_aio.o
  CC      drivers/media/platform/msm/vidc/venus_hfi.o
  LD      net/packet/built-in.o
  CC      drivers/media/platform/msm/vidc/hfi_response_handler.o
  CC      net/netfilter/xt_helper.o
  CC      drivers/misc/qcom/qdsp6v2/q6audio_v2.o
  CC      net/netfilter/xt_hl.o
  CC      drivers/misc/qcom/qdsp6v2/q6audio_v2_aio.o
  CC      net/netfilter/xt_iprange.o
  CC      drivers/media/platform/soc_camera/soc_camera.o
  CC      drivers/misc/qcom/qdsp6v2/audio_mp3.o
  CC      net/netfilter/xt_length.o
  CC      drivers/misc/qcom/qdsp6v2/audio_amrnb.o
  CC      net/netfilter/xt_limit.o
  CC      drivers/misc/qcom/qdsp6v2/audio_amrwb.o
  CC      drivers/misc/qcom/qdsp6v2/audio_amrwbplus.o
  CC      net/netfilter/xt_mac.o
  CC      drivers/media/platform/soc_camera/soc_mediabus.o
  CC      drivers/misc/qcom/qdsp6v2/audio_evrc.o
  CC      net/netfilter/xt_multiport.o
  LD      drivers/media/platform/soc_camera/built-in.o
  CC      drivers/mmc/card/block.o
  CC      drivers/misc/qcom/qdsp6v2/audio_qcelp.o
  CC      drivers/misc/qcom/qdsp6v2/amrwb_in.o
  CC      net/netfilter/xt_pkttype.o
  CC      net/netfilter/xt_policy.o
  LD      drivers/misc/qcom/qdsp6v2/built-in.o
  LD      drivers/misc/qcom/built-in.o
  CC      drivers/media/platform/msm/vidc/hfi_packetization.o
  LD      drivers/misc/ti-st/built-in.o
  CC      drivers/misc/qseecom.o
  CC      net/netfilter/xt_qtaguid_print.o
  CC      net/netfilter/xt_qtaguid.o
  CC      drivers/media/platform/msm/vidc/vidc_hfi.o
  CC      drivers/mmc/card/queue.o
  CC      drivers/media/platform/msm/vidc/q6_hfi.o
  CC      drivers/media/platform/msm/vidc/venus_boot.o
  LD      drivers/mmc/card/mmc_block.o
  LD      drivers/mmc/card/built-in.o
  CC      drivers/mmc/core/core.o
  LD      drivers/media/platform/msm/vidc/built-in.o
  LD      drivers/media/platform/msm/built-in.o
  LD      drivers/media/platform/built-in.o
  LD      drivers/media/rc/keymaps/built-in.o
  LD      drivers/media/rc/built-in.o
  CC      drivers/media/tuners/tuner-xc2028.o
  CC      net/netfilter/xt_quota.o
  CC      net/netfilter/xt_quota2.o
  CC      net/netfilter/xt_socket.o
  LD      drivers/misc/built-in.o
  CC      net/netfilter/xt_state.o
  CC      drivers/media/tuners/tuner-simple.o
  CC      net/rmnet_data/rmnet_data_main.o
  CC      drivers/mmc/core/bus.o
  CC      drivers/media/tuners/tuner-types.o
  CC      net/rmnet_data/rmnet_data_config.o
  CC      net/netfilter/xt_statistic.o
  CC      drivers/mmc/core/host.o
  CC      drivers/media/tuners/mt20xx.o
  CC      net/netfilter/xt_string.o
  CC      net/netfilter/xt_time.o
  CC      net/rmnet_data/rmnet_data_vnd.o
  CC      net/netfilter/xt_u32.o
  CC      drivers/mmc/core/mmc.o
  CC      drivers/media/tuners/tda8290.o
  LD      net/netfilter/netfilter.o
  CC      net/rmnet_data/rmnet_data_handlers.o
  CC      drivers/media/tuners/tea5767.o
  CC      drivers/mmc/core/mmc_ops.o
  CC      net/rmnet_data/rmnet_map_data.o
  LD      net/netfilter/built-in.o
  CC      drivers/media/tuners/tea5761.o
  CC      net/rmnet_data/rmnet_map_command.o
  CC      drivers/mmc/core/sd.o
  CC      net/rmnet_data/rmnet_data_stats.o
  LD      net/rmnet_data/rmnet_data.o
  LD      net/rmnet_data/built-in.o
  CC      drivers/mmc/core/sd_ops.o
  CC      drivers/media/tuners/tda9887.o
  CC      drivers/mmc/core/sdio.o
  CC      drivers/mmc/host/sdhci.o
  CC      drivers/media/tuners/tda827x.o
  CC      drivers/mmc/core/sdio_ops.o
  CC      drivers/mmc/core/sdio_bus.o
  CC      drivers/media/tuners/tda18271-maps.o
  CC      drivers/mmc/core/sdio_cis.o
  CC      drivers/media/tuners/tda18271-common.o
  CC      drivers/mmc/core/sdio_io.o
  CC      drivers/media/tuners/tda18271-fe.o
  CC      drivers/mmc/host/sdhci-pltfm.o
  CC      drivers/mmc/core/sdio_irq.o
  CC      drivers/mmc/host/sdhci-msm.o
  CC      drivers/mmc/core/quirks.o
  CC      drivers/media/tuners/xc5000.o
  CC      drivers/mmc/core/slot-gpio.o
  CC      drivers/mmc/core/debugfs.o
  CC      drivers/media/tuners/xc4000.o
  CC      net/sched/sch_generic.o
  LD      drivers/mmc/core/mmc_core.o
  LD      drivers/mmc/core/built-in.o
  CC      net/unix/af_unix.o
  LD      drivers/mmc/host/built-in.o
  LD      drivers/mmc/built-in.o
  CC      net/wireless/core.o
  CC      drivers/media/tuners/mc44s803.o
  CC      net/sched/sch_mq.o
  LD      drivers/media/tuners/tda18271.o
  LD      drivers/media/tuners/built-in.o
  LD      drivers/media/usb/b2c2/built-in.o
  LD      drivers/media/usb/dvb-usb/built-in.o
  LD      drivers/media/usb/dvb-usb-v2/built-in.o
  LD      drivers/media/usb/s2255/built-in.o
  LD      drivers/media/usb/siano/built-in.o
  LD      drivers/media/usb/stkwebcam/built-in.o
  LD      drivers/media/usb/ttusb-budget/built-in.o
  LD      drivers/media/usb/ttusb-dec/built-in.o
  LD      drivers/media/usb/zr364xx/built-in.o
  LD      drivers/media/usb/built-in.o
  CC      drivers/media/v4l2-core/v4l2-dev.o
  CC      net/sched/sch_api.o
  CC      net/unix/garbage.o
  CC      net/unix/sysctl_net_unix.o
  CC      drivers/media/v4l2-core/v4l2-ioctl.o
  CC      net/wireless/sysfs.o
  LD      net/unix/unix.o
  LD      net/unix/built-in.o
  CC      drivers/mtd/mtdcore.o
  CC      net/sched/sch_blackhole.o
  CC      net/wireless/radiotap.o
  CC      net/sched/cls_api.o
  CC      drivers/mtd/mtdsuper.o
  CC      net/wireless/util.o
  CC      drivers/media/v4l2-core/v4l2-device.o
  CC      drivers/mtd/mtdconcat.o
  CC      net/sched/act_api.o
  CC      drivers/media/v4l2-core/v4l2-fh.o
  CC      drivers/media/v4l2-core/v4l2-event.o
  CC      drivers/mtd/mtdpart.o
  CC      drivers/media/v4l2-core/v4l2-ctrls.o
  CC      net/wireless/reg.o
  CC      net/sched/sch_fifo.o
  CC      drivers/mtd/mtdchar.o
  CC      net/sched/sch_htb.o
  CC      drivers/mtd/ofpart.o
  CC      net/wireless/scan.o
  CC      drivers/media/v4l2-core/v4l2-subdev.o
  CC      drivers/mtd/cmdlinepart.o
  CC      drivers/mtd/mtd_blkdevs.o
  CC      net/sched/sch_prio.o
  CC      drivers/media/v4l2-core/v4l2-of.o
  CC      drivers/media/v4l2-core/v4l2-common.o
  CC      drivers/mtd/mtdblock.o
  CC      net/sched/cls_u32.o
  CC      net/wireless/nl80211.o
  CC      drivers/mtd/chips/chipreg.o
  CC      net/sched/cls_fw.o
  LD      drivers/mtd/chips/built-in.o
  CC      drivers/media/v4l2-core/videobuf-core.o
  LD      drivers/mtd/devices/built-in.o
  LD      drivers/mtd/lpddr/built-in.o
  LD      drivers/mtd/maps/built-in.o
  CC      drivers/mtd/nand/nand_base.o
  CC      net/sched/cls_flow.o
  CC      drivers/media/v4l2-core/videobuf2-core.o
  CC      net/sched/ematch.o
  CC      drivers/mtd/nand/nand_bbt.o
  CC      net/sched/em_cmp.o
  CC      drivers/media/v4l2-core/videobuf2-memops.o
  CC      drivers/mtd/nand/nand_ecc.o
  CC      net/sched/em_nbyte.o
  CC      net/sched/em_u32.o
  CC      net/sched/em_meta.o
  CC      drivers/mtd/nand/nand_ids.o
  CC      drivers/media/v4l2-core/videobuf2-vmalloc.o
  CC      net/sched/em_text.o
  LD      drivers/mtd/nand/nand.o
  LD      drivers/mtd/nand/built-in.o
  LD      drivers/mtd/onenand/built-in.o
  LD      drivers/mtd/tests/built-in.o
  LD      drivers/mtd/mtd.o
  LD      drivers/mtd/built-in.o
  CC      drivers/net/dummy.o
  LD      net/sched/built-in.o
  CC      drivers/media/v4l2-core/videobuf2-dma-contig.o
  CC      drivers/net/mii.o
  CC      net/xfrm/xfrm_policy.o
  CC      drivers/media/v4l2-core/videobuf2-dma-sg.o
  CC      drivers/net/Space.o
  CC      net/wireless/mlme.o
  CC      drivers/net/loopback.o
  LD      drivers/media/v4l2-core/videodev.o
  LD      drivers/media/v4l2-core/built-in.o
  CC      drivers/media/media-device.o
  LD      drivers/net/ethernet/8390/built-in.o
  LD      drivers/net/ethernet/broadcom/built-in.o
  LD      drivers/net/ethernet/cadence/built-in.o
  LD      drivers/net/ethernet/cirrus/built-in.o
  LD      drivers/net/ethernet/faraday/built-in.o
  LD      drivers/net/ethernet/i825xx/built-in.o
  LD      drivers/net/ethernet/intel/built-in.o
  LD      drivers/net/ethernet/marvell/built-in.o
  CC      drivers/net/ethernet/micrel/ks8851.o
  CC      drivers/media/media-devnode.o
  CC      drivers/media/media-entity.o
  CC      net/xfrm/xfrm_state.o
  CC      net/wireless/ibss.o
  LD      drivers/net/ethernet/micrel/built-in.o
  LD      drivers/net/ethernet/microchip/built-in.o
  CC      drivers/net/ethernet/msm/msm_rmnet_bam.o
  LD      drivers/media/media.o
  LD      drivers/media/built-in.o
  CC      drivers/nfc/nfc-nci.o
  LD      drivers/net/ethernet/msm/built-in.o
  LD      drivers/net/ethernet/natsemi/built-in.o
  LD      drivers/net/ethernet/seeq/built-in.o
  LD      drivers/net/ethernet/smsc/built-in.o
  LD      drivers/net/ethernet/stmicro/built-in.o
  LD      drivers/net/ethernet/wiznet/built-in.o
  LD      drivers/net/ethernet/built-in.o
  CC      drivers/net/phy/phy.o
  CC      net/wireless/sme.o
  LD      drivers/nfc/built-in.o
  CC      net/xfrm/xfrm_hash.o
  CC      net/sysctl_net.o
  CC      net/xfrm/xfrm_input.o
  CC      drivers/net/phy/phy_device.o
  CC      net/wireless/chan.o
  CC      drivers/of/base.o
  CC      net/xfrm/xfrm_output.o
  CC      drivers/net/phy/mdio_bus.o
  CC      drivers/of/util.o
  CC      net/wireless/ethtool.o
  CC      net/xfrm/xfrm_sysctl.o
  CC      drivers/of/fdt.o
  LD      drivers/net/phy/libphy.o
  LD      drivers/net/phy/built-in.o
  CC      drivers/net/ppp/ppp_generic.o
  CC      net/xfrm/xfrm_replay.o
  CC      net/wireless/mesh.o
  CC      drivers/of/address.o
  CC      net/xfrm/xfrm_algo.o
  CC      net/wireless/ap.o
  CC      drivers/of/irq.o
  CC      net/wireless/trace.o
  CC      drivers/net/ppp/ppp_async.o
  CC      drivers/of/device.o
  CC      net/xfrm/xfrm_user.o
  CC      drivers/of/platform.o
  CC      drivers/net/ppp/bsd_comp.o
  CC      drivers/net/ppp/ppp_deflate.o
  CC      drivers/of/of_i2c.o
  CC      drivers/of/of_net.o
  CC      drivers/net/ppp/ppp_synctty.o
  CC      net/xfrm/xfrm_ipcomp.o
  CC      drivers/of/of_mdio.o
  CC      drivers/net/ppp/pppox.o
  LD      net/xfrm/built-in.o
  CC      net/wireless/wext-core.o
  CC      drivers/net/ppp/pppoe.o
  CC      drivers/of/of_spmi.o
  CC      drivers/of/of_mtd.o
  CC      drivers/pinctrl/core.o
  LD      drivers/net/ppp/built-in.o
  CC      drivers/of/of_slimbus.o
  CC      drivers/net/slip/slhc.o
  CC      drivers/of/of_batterydata.o
  CC      drivers/of/of_reserved_mem.o
  CC      drivers/pinctrl/pinmux.o
  LD      drivers/of/built-in.o
  CC      net/activity_stats.o
  LD      drivers/net/slip/built-in.o
  CC      drivers/net/usb/asix_devices.o
  CC      drivers/pinctrl/pinconf.o
  CC      net/wireless/wext-proc.o
  CC      drivers/platform/msm/msm_bus/msm_bus_bimc.o
  CC      net/wireless/wext-spy.o
  CC      drivers/pinctrl/devicetree.o
  CC      drivers/net/usb/asix_common.o
  CC      drivers/pinctrl/pinconf-generic.o
  CC      net/wireless/wext-priv.o
  CC      drivers/pinctrl/pinctrl-msm.o
  CC      drivers/net/usb/ax88172a.o
  CC      drivers/platform/msm/msm_bus/msm_bus_noc.o
  CC      net/wireless/regdb.o
  CC      drivers/net/usb/ax88179_178a.o
  CC      drivers/pinctrl/pinctrl-msm-tlmm.o
  LD      net/wireless/cfg80211.o
  CC      drivers/platform/msm/msm_bus/msm_bus_core.o
  LD      drivers/pinctrl/built-in.o
  CC      drivers/net/wireless/wcnss/wcnss_wlan.o
  CC      drivers/platform/msm/msm_bus/msm_bus_client_api.o
  CC      drivers/net/usb/cdc_ether.o
  CC      drivers/platform/msm/msm_bus/msm_bus_of.o
  LD      net/wireless/built-in.o
  LD      net/built-in.o
  CC      drivers/net/usb/net1080.o
  CC      drivers/platform/msm/msm_bus/msm_bus_rpm_smd.o
  CC      drivers/platform/msm/msm_bus/msm_bus_fabric_adhoc.o
  CC      drivers/net/wireless/wcnss/qcomwlan_secif.o
  CC      drivers/net/usb/cdc_subset.o
  CC      drivers/net/wireless/wcnss/wcnss_vreg.o
  CC      drivers/platform/msm/msm_bus/msm_bus_arb_adhoc.o
  CC      drivers/net/usb/zaurus.o
  CC      drivers/platform/msm/msm_bus/msm_bus_rules.o
  CC      drivers/net/usb/usbnet.o
  CC      drivers/platform/msm/msm_bus/msm_bus_of_adhoc.o
  CC      drivers/net/wireless/wcnss/wcnss_prealloc.o
  CC      drivers/platform/msm/msm_bus/msm_bus_id.o
  CC      drivers/platform/msm/msm_bus/msm_bus_dbg.o
  LD      drivers/net/wireless/wcnss/wcnsscore.o
  LD      drivers/net/wireless/wcnss/built-in.o
  LD      drivers/net/wireless/built-in.o
  CC      drivers/net/tun.o
  CC      drivers/net/usb/cdc_ncm.o
  LD      drivers/platform/msm/msm_bus/built-in.o
  CC      drivers/platform/msm/sps/bam.o
  LD      drivers/net/usb/asix.o
  LD      drivers/net/usb/built-in.o
  CC      drivers/power/power_supply_core.o
  LD      drivers/net/built-in.o
  CC      drivers/platform/msm/usb_bam.o
  CC      drivers/power/power_supply_sysfs.o
  CC      drivers/power/power_supply_leds.o
  CC      drivers/power/smb135x-charger.o
  CC      drivers/power/smb1360-charger-fg.o
  CC      drivers/platform/msm/sps/sps_bam.o
  CC      drivers/platform/msm/qpnp-power-on.o
  CC      drivers/power/qpnp-vm-bms.o
  CC      drivers/pwm/core.o
  CC      drivers/pwm/pwm-qpnp.o
  CC      drivers/platform/msm/sps/sps.o
  CC      drivers/power/batterydata-lib.o
  LD      drivers/pwm/built-in.o
  CC      drivers/regulator/core.o
  CC      drivers/platform/msm/qpnp-vibrator.o
  CC      drivers/power/batterydata-interface.o
  CC      drivers/platform/msm/sps/sps_dma.o
  CC      drivers/rtc/rtc-lib.o
  CC      drivers/power/qpnp-linear-charger.o
  CC      drivers/rtc/hctosys.o
  CC      drivers/rtc/systohc.o
  CC      drivers/rtc/class.o
  CC      drivers/platform/msm/sps/sps_map.o
  CC      drivers/platform/msm/sps/sps_mem.o
  CC      drivers/rtc/interface.o
  CC      drivers/platform/msm/sps/sps_rm.o
  CC      drivers/regulator/dummy.o
  CC      drivers/regulator/fixed-helper.o
  CC      drivers/power/battery_current_limit.o
  CC      drivers/rtc/rtc-dev.o
  LD      drivers/platform/msm/sps/built-in.o
  CC      drivers/platform/msm/avtimer.o
  CC      drivers/regulator/of_regulator.o
  CC      drivers/rtc/rtc-proc.o
  CC      drivers/rtc/rtc-sysfs.o
  CC      drivers/regulator/fixed.o
  CC      drivers/platform/msm/qpnp-revid.o
  CC      drivers/power/qcom/msm-pm.o
  CC      drivers/rtc/qpnp-rtc.o
  CC      drivers/regulator/proxy-consumer.o
  LD      drivers/platform/msm/built-in.o
  LD      drivers/platform/built-in.o
  CC      drivers/power/qcom/pm-data.o
  CC      drivers/regulator/mem-acc-regulator.o
  LD      drivers/rtc/rtc-core.o
  LD      drivers/rtc/built-in.o
  CC      drivers/scsi/scsi.o
  CC      drivers/sensors/sensors_class.o
  CC      drivers/power/qcom/pm-stats.o
  CC      drivers/regulator/stub-regulator.o
  LD      drivers/sensors/built-in.o
  CC      drivers/power/reset/msm-poweroff.o
  CC      drivers/power/qcom/lpm-stats.o
  CC      drivers/regulator/tps65132-regulator.o
  LD      drivers/power/reset/built-in.o
  LD      drivers/power/power_supply.o
  CC      drivers/scsi/hosts.o
  CC      drivers/power/qcom/pm-boot.o
  CC      drivers/regulator/rpm-smd-regulator.o
  LD      drivers/power/qcom/built-in.o
  LD      drivers/power/built-in.o
  CC      drivers/slimbus/slimbus.o
  CC      drivers/scsi/scsi_ioctl.o
  CC      drivers/slimbus/slim-msm.o
  CC      drivers/scsi/constants.o
  CC      drivers/regulator/qpnp-regulator.o
  CC      drivers/soc/qcom/memshare/heap_mem_ext_v01.o
  CC      drivers/soc/qcom/memshare/msm_memshare.o
  CC      drivers/slimbus/slim-msm-ngd.o
  CC      drivers/scsi/scsicam.o
  LD      drivers/soc/qcom/memshare/built-in.o
  CC      drivers/soc/qcom/qdsp6v2/apr.o
  CC      drivers/regulator/spm-regulator.o
  LD      drivers/slimbus/built-in.o
  CC      drivers/spi/spi.o
  CC      drivers/scsi/scsi_error.o
  CC      drivers/regulator/cpr-regulator.o
  CC      drivers/soc/qcom/qdsp6v2/apr_v3.o
  CC      drivers/soc/qcom/qdsp6v2/apr_tal.o
  CC      drivers/spi/spi_qsd.o
  CC      drivers/soc/qcom/qdsp6v2/voice_svc.o
  CC      drivers/scsi/scsi_lib.o
  CC      drivers/soc/qcom/qdsp6v2/msm_audio_ion.o
  CC      drivers/soc/qcom/qdsp6v2/adsp-loader.o
  CC      drivers/scsi/scsi_lib_dma.o
  LD      drivers/spi/built-in.o
  CC      drivers/spmi/spmi.o
  LD      drivers/soc/qcom/qdsp6v2/built-in.o
  CC      drivers/soc/qcom/boot_stats.o
  LD      drivers/regulator/built-in.o
  CC      drivers/soc/qcom/msm_rq_stats.o
  CC      drivers/staging/staging.o
  CC      drivers/staging/android/ion/ion.o
  CC      drivers/scsi/scsi_scan.o
  CC      drivers/spmi/spmi-resources.o
  CC      drivers/soc/qcom/nohlt.o
  AS      drivers/soc/qcom/idle-v7.o
  CC      drivers/soc/qcom/bam_dmux.o
  CC      drivers/spmi/spmi-pmic-arb.o
  CC      drivers/scsi/scsi_sysfs.o
  CC      drivers/spmi/qpnp-int.o
  CC      drivers/staging/android/ion/ion_heap.o
  CC      drivers/staging/android/ion/ion_page_pool.o
  CC      drivers/spmi/spmi-dbgfs.o
  CC      drivers/scsi/scsi_devinfo.o
  CC      drivers/staging/android/ion/ion_system_heap.o
  LD      drivers/spmi/built-in.o
  CC      drivers/switch/switch_class.o
  LD      drivers/switch/built-in.o
  CC      drivers/staging/android/ion/ion_carveout_heap.o
  CC      drivers/scsi/scsi_sysctl.o
  LD      drivers/staging/media/built-in.o
  CC      drivers/staging/android/binder.o
  CC      drivers/scsi/scsi_proc.o
  CC      drivers/staging/android/ion/ion_chunk_heap.o
  CC      drivers/soc/qcom/event_timer.o
  CC      drivers/soc/qcom/ipc_router_smd_xprt.o
  CC      drivers/staging/android/ion/ion_cma_heap.o
  CC      drivers/scsi/scsi_trace.o
  CC      drivers/staging/android/ion/ion_cma_secure_heap.o
  CC      drivers/scsi/scsi_pm.o
  CC      drivers/soc/qcom/memory_dump_v2.o
  CC      drivers/staging/android/ion/ion_removed_heap.o
  CC      drivers/scsi/scsi_tgt_lib.o
  CC      drivers/soc/qcom/mpm-of.o
  CC      drivers/staging/android/ion/msm/msm_ion.o
  CC      drivers/scsi/scsi_tgt_if.o
  CC      drivers/soc/qcom/rpm-smd.o
  CC      drivers/staging/android/ion/msm/secure_buffer.o
  LD      drivers/staging/android/ion/msm/built-in.o
  LD      drivers/staging/android/ion/built-in.o
  CC      drivers/thermal/thermal_core.o
  CC      drivers/scsi/sd.o
  CC      drivers/staging/android/ashmem.o
  CC      drivers/soc/qcom/rpm-smd-debug.o
  CC      drivers/staging/android/logger.o
  CC      drivers/thermal/step_wise.o
  LD      drivers/scsi/arm/built-in.o
  LD      drivers/scsi/sd_mod.o
  CC      drivers/scsi/sg.o
  CC      drivers/soc/qcom/rpm_rbcpr_stats_v2.o
  CC      drivers/staging/android/timed_output.o
  CC      drivers/thermal/msm8974-tsens.o
  CC      drivers/soc/qcom/rpm_stats.o
  CC      drivers/soc/qcom/rpm_master_stat.o
  CC      drivers/staging/android/timed_gpio.o
  CC      drivers/staging/android/lowmemorykiller.o
  CC      drivers/soc/qcom/rpm_log.o
  CC      drivers/scsi/ch.o
  CC      drivers/soc/qcom/qmi_interface.o
  CC      drivers/staging/android/alarm-dev.o
  CC      drivers/thermal/qpnp-temp-alarm.o
  CC      drivers/staging/android/sync.o
  LD      drivers/scsi/scsi_mod.o
  LD      drivers/scsi/scsi_tgt.o
  LD      drivers/scsi/built-in.o
  CC      drivers/staging/android/sw_sync.o
  CC      drivers/thermal/qpnp-adc-tm.o
  CC      drivers/soc/qcom/scm.o
  CC      drivers/soc/qcom/scm-boot.o
  CC      drivers/tty/tty_io.o
  CC      drivers/staging/android/oneshot_sync.o
  CC      drivers/soc/qcom/smd.o
  CC      drivers/thermal/msm_thermal.o
  LD      drivers/staging/android/built-in.o
  LD      drivers/staging/built-in.o
  CC      drivers/uio/uio.o
  CC      drivers/tty/n_tty.o
  CC      drivers/uio/msm_sharedmem/msm_sharedmem.o
  CC      drivers/soc/qcom/smd_debug.o
  CC      drivers/uio/msm_sharedmem/remote_filesystem_access_v01.o
  CC      drivers/soc/qcom/smd_private.o
  CC      drivers/uio/msm_sharedmem/sharedmem_qmi.o
  CC      drivers/soc/qcom/smd_init_dt.o
  LD      drivers/uio/msm_sharedmem/built-in.o
  LD      drivers/uio/built-in.o
  CC      drivers/thermal/msm_thermal-dev.o
  CC      drivers/tty/tty_ioctl.o
  CC      drivers/soc/qcom/smsm_debug.o
  LD      drivers/thermal/thermal_sys.o
  CC      drivers/soc/qcom/smem.o
  CC      drivers/tty/tty_ldisc.o
  LD      drivers/thermal/built-in.o
  CC      drivers/soc/qcom/smem_debug.o
  CC      drivers/usb/class/cdc-acm.o
  CC      drivers/usb/core/usb.o
  CC      drivers/soc/qcom/smem_log.o
  CC      drivers/tty/tty_buffer.o
  CC      drivers/soc/qcom/common_log.o
  CC      drivers/soc/qcom/smp2p.o
  CC      drivers/tty/tty_port.o
  CC      drivers/usb/class/ccid_bridge.o
  CC      drivers/usb/core/hub.o
  CC      drivers/tty/tty_mutex.o
  LD      drivers/usb/class/built-in.o
  CC      drivers/tty/tty_ldsem.o
  CC      drivers/soc/qcom/smp2p_debug.o
  CC      drivers/video/fb_notify.o
  CC      drivers/soc/qcom/smp2p_loopback.o
  CC      drivers/tty/pty.o
  CC      drivers/video/fbmem.o
  CC      drivers/soc/qcom/smp2p_test.o
  CC      drivers/tty/tty_audit.o
  CC      drivers/tty/sysrq.o
  CC      drivers/video/fbmon.o
  CC      drivers/soc/qcom/smp2p_spinlock_test.o
  CC      drivers/usb/core/hcd.o
  CC      drivers/soc/qcom/watchdog_v2.o
  CC      drivers/video/fbcmap.o
  LD      drivers/tty/ipwireless/built-in.o
  CC      drivers/tty/serial/msm_smd_tty.o
  CC      drivers/soc/qcom/spm.o
  CC      drivers/video/fbsysfs.o
  LD      drivers/tty/serial/built-in.o
  CC      drivers/tty/vt/vt_ioctl.o
  CC      drivers/soc/qcom/spm_devices.o
  CC      drivers/usb/core/urb.o
  CC      drivers/video/modedb.o
  CC      drivers/soc/qcom/socinfo.o
  CC      drivers/usb/core/message.o
  CC      drivers/tty/vt/vc_screen.o
  CC      drivers/video/fbcvt.o
  CC      drivers/tty/vt/selection.o
  CC      drivers/soc/qcom/peripheral-loader.o
  CC      drivers/video/backlight/backlight.o
  CC      drivers/tty/vt/keyboard.o
  CC      drivers/usb/core/driver.o
  LD      drivers/video/backlight/built-in.o
  CC      drivers/video/console/dummycon.o
  CC      drivers/soc/qcom/subsys-pil-tz.o
  LD      drivers/video/console/built-in.o
  CC      drivers/video/msm/mdss/mdss_dsi.o
  CC      drivers/usb/core/config.o
  CC      drivers/soc/qcom/pil-q6v5.o
  CC      drivers/tty/vt/consolemap.o
  CC      drivers/soc/qcom/pil-msa.o
  CC      drivers/usb/core/file.o
  CC      drivers/video/msm/mdss/mdss_dsi_host.o
  CONMK   drivers/tty/vt/consolemap_deftbl.c
  CC      drivers/tty/vt/vt.o
  CC      drivers/usb/core/buffer.o
  CC      drivers/soc/qcom/pil-q6v5-mss.o
  CC      drivers/usb/core/sysfs.o
  CC      drivers/soc/qcom/msm_performance.o
  CC      drivers/soc/qcom/subsystem_notif.o
  CC      drivers/usb/core/endpoint.o
  CC      drivers/video/msm/mdss/mdss_dsi_cmd.o
  CC      drivers/usb/core/devio.o
  CC      drivers/soc/qcom/subsystem_restart.o
  CC      drivers/video/msm/mdss/mdss_dsi_status.o
  SHIPPED drivers/tty/vt/defkeymap.c
  CC      drivers/tty/vt/consolemap_deftbl.o
  CC      drivers/tty/vt/defkeymap.o
  CC      drivers/video/msm/mdss/mdss_dsi_panel.o
  LD      drivers/tty/vt/built-in.o
  LD      drivers/tty/built-in.o
  CC      drivers/usb/gadget/udc-core.o
  CC      drivers/soc/qcom/ramdump.o
  CC      drivers/usb/core/notify.o
  CC      drivers/soc/qcom/sysmon.o
  CC      drivers/usb/core/generic.o
  CC      drivers/usb/gadget/android.o
  CC      drivers/video/msm/mdss/msm_mdss_io_8974.o
  CC      drivers/soc/qcom/sysmon-qmi.o
  CC      drivers/usb/core/quirks.o
  CC      drivers/usb/core/devices.o
  CC      drivers/soc/qcom/cpu_pwr_ctl.o
  CC      drivers/soc/qcom/scm-xpu.o
  CC      drivers/usb/core/port.o
  LD      drivers/soc/qcom/built-in.o
  CC      drivers/video/msm/mdss/mdss_mdp.o
  LD      drivers/soc/built-in.o
  CC      drivers/video/msm/mdss/mdss_mdp_ctl.o
  LD      drivers/usb/core/usbcore.o
  LD      drivers/usb/core/built-in.o
  LD      drivers/video/omap2/displays/built-in.o
  LD      drivers/video/omap2/built-in.o
  CC      drivers/usb/gadget/usbstring.o
  CC      drivers/usb/host/ehci-hcd.o
  CC      drivers/usb/host/ehci-msm.o
  CC      drivers/video/msm/mdss/mdss_mdp_pipe.o
  CC      drivers/video/msm/mdss/mdss_mdp_util.o
  CC      drivers/usb/gadget/config.o
  CC      drivers/video/msm/mdss/dsi_status_6g.o
  CC      drivers/usb/misc/ehset.o
  CC      drivers/video/msm/mdss/mdss_mdp_pp.o
  LD      drivers/usb/misc/built-in.o
  CC      drivers/video/cfbfillrect.o
  CC      drivers/usb/host/ehci-msm2.o
  CC      drivers/usb/gadget/epautoconf.o
  LD      drivers/usb/host/built-in.o
  CC      drivers/usb/gadget/composite.o
  CC      drivers/usb/mon/mon_main.o
  CC      drivers/usb/mon/mon_stat.o
  CC      drivers/video/msm/mdss/mdss_mdp_pp_debug.o
  CC      drivers/usb/mon/mon_text.o
  CC      drivers/usb/mon/mon_bin.o
  CC      drivers/video/msm/mdss/mdss_mdp_intf_video.o
  CC      drivers/video/cfbcopyarea.o
  LD      drivers/usb/mon/usbmon.o
  LD      drivers/usb/mon/built-in.o
  CC      drivers/usb/phy/phy.o
  CC      drivers/video/msm/mdss/mdss_mdp_intf_cmd.o
  CC      drivers/usb/phy/of.o
  CC      drivers/usb/serial/usb-serial.o
  CC      drivers/video/msm/mdss/mdss_mdp_intf_writeback.o
  CC      drivers/usb/phy/phy-msm-usb.o
  CC      drivers/video/msm/mdss/mdss_mdp_rotator.o
  CC      drivers/usb/serial/generic.o
  CC      drivers/video/msm/mdss/mdss_mdp_overlay.o
  CC      drivers/usb/serial/bus.o
  CC      drivers/usb/serial/csvt.o
  LD      drivers/usb/serial/usbserial.o
  LD      drivers/usb/serial/built-in.o
  CC      drivers/video/cfbimgblt.o
  LD      drivers/usb/phy/built-in.o
  CC      drivers/usb/storage/alauda.o
  CC      drivers/video/msm/mdss/mdss_mdp_splash_logo.o
  CC      drivers/video/msm/mdss/mdss_mdp_wb.o
  CC      drivers/usb/gadget/functions.o
  CC      drivers/usb/storage/cypress_atacb.o
  CC      drivers/usb/usb-common.o
  CC      drivers/video/msm/mdss/mdp3.o
  CC      drivers/usb/storage/datafab.o
  CC      drivers/video/sysfillrect.o
  CC      drivers/usb/storage/freecom.o
  CC      drivers/usb/storage/isd200.o
  CC      drivers/video/msm/mdss/mdp3_dma.o
  CC      drivers/usb/storage/jumpshot.o
  CC      drivers/usb/gadget/configfs.o
  CC      drivers/video/msm/mdss/mdp3_ctrl.o
  CC      drivers/usb/storage/karma.o
  CC      drivers/video/syscopyarea.o
  CC      drivers/usb/storage/onetouch.o
  CC      drivers/usb/gadget/f_acm.o
  CC      drivers/usb/storage/sddr09.o
  CC      drivers/usb/gadget/f_serial.o
  CC      drivers/video/msm/mdss/dsi_status_v2.o
  CC      drivers/video/msm/mdss/mdp3_ppp.o
  CC      drivers/video/sysimgblt.o
  CC      drivers/usb/gadget/ci13xxx_msm.o
  CC      drivers/usb/storage/sddr55.o
  CC      drivers/video/msm/mdss/mdp3_ppp_hwio.o
  CC      drivers/usb/storage/shuttle_usbat.o
  LD      drivers/usb/gadget/usb_f_acm.o
  CC      drivers/video/fb_sys_fops.o
  CC      drivers/usb/gadget/u_serial.o
  CC      drivers/usb/storage/scsiglue.o
  CC      drivers/video/msm/mdss/mdp3_ppp_data.o
  CC      drivers/video/msm/mdss/mdss_mdp_debug.o
  CC      drivers/video/msm/mdss/mdss_debug.o
  CC      drivers/usb/storage/protocol.o
  LD      drivers/usb/gadget/usb_f_serial.o
  LD      drivers/usb/gadget/g_android.o
  LD      drivers/usb/gadget/libcomposite.o
  LD      drivers/usb/gadget/built-in.o
  CC      drivers/video/vfb.o
  LD      drivers/video/fb.o
  CC      drivers/usb/storage/transport.o
  CC      drivers/usb/storage/usb.o
  CC      drivers/video/msm/mdss/mdss_debug_xlog.o
  CC      drivers/usb/storage/initializers.o
  LD      drivers/video/msm/mdss/mdss-dsi.o
  CC      drivers/usb/storage/sierra_ms.o
  CC      drivers/usb/storage/option_ms.o
  CC      drivers/video/msm/mdss/mdss_panel.o
  CC      drivers/video/msm/mdss/mdss_io_util.o
  CC      drivers/usb/storage/usual-tables.o
  CC      drivers/video/msm/mdss/mdss_wb.o
  CC      drivers/video/msm/mdss/mdss_fb.o
  LD      drivers/usb/storage/usb-storage.o
  LD      drivers/usb/storage/ums-alauda.o
  LD      drivers/usb/storage/ums-cypress.o
  LD      drivers/usb/storage/ums-datafab.o
  LD      drivers/usb/storage/ums-freecom.o
  LD      drivers/usb/storage/ums-isd200.o
  LD      drivers/usb/storage/ums-jumpshot.o
  CC      drivers/video/msm/mdss/mdss_util.o
  LD      drivers/usb/storage/ums-karma.o
  LD      drivers/usb/storage/ums-onetouch.o
  LD      drivers/usb/storage/ums-sddr09.o
  LD      drivers/usb/storage/ums-sddr55.o
  LD      drivers/usb/storage/ums-usbat.o
  LD      drivers/usb/storage/built-in.o
  LD      drivers/usb/built-in.o
  LD      drivers/video/msm/mdss/mdss-mdp3.o
  LD      drivers/video/msm/mdss/mdss-mdp.o
  LD      drivers/video/msm/mdss/built-in.o
  LD      drivers/video/msm/built-in.o
  LD      drivers/video/built-in.o
  LD      drivers/built-in.o
  LINK    vmlinux
  LD      vmlinux.o
  MODPOST vmlinux.o
  GEN     .version
  CC      init/main.o
  CC      init/do_mounts.o
  CHK     include/generated/compile.h
  CC      init/do_mounts_rd.o
  UPD     include/generated/compile.h
  CC      init/do_mounts_initrd.o
  CC      init/initramfs.o
  CC      init/calibrate.o
  CC      init/init_task.o
  CC      init/version.o
  LD      init/mounts.o
  LD      init/built-in.o
  KSYM    .tmp_kallsyms1.o
  KSYM    .tmp_kallsyms2.o
  LD      vmlinux
  SORTEX  vmlinux
  SYSMAP  System.map
/home/user/kernel-msm8909/arch/arm/boot/dts/Makefile:228: warning: overriding recipe for target 'dtbs'
/home/user/kernel-msm8909/arch/arm/boot/dts/Makefile:228: warning: ignoring old recipe for target 'dtbs'
  OBJCOPY arch/arm/boot/Image
  Kernel: arch/arm/boot/Image is ready
  AS      arch/arm/boot/compressed/head.o
  GZIP    arch/arm/boot/compressed/piggy.gzip
  CC      arch/arm/boot/compressed/misc.o
  CC      arch/arm/boot/compressed/decompress.o
  CC      arch/arm/boot/compressed/string.o
  SHIPPED arch/arm/boot/compressed/hyp-stub.S
  SHIPPED arch/arm/boot/compressed/lib1funcs.S
  SHIPPED arch/arm/boot/compressed/ashldi3.S
  AS      arch/arm/boot/compressed/hyp-stub.o
  AS      arch/arm/boot/compressed/lib1funcs.o
  AS      arch/arm/boot/compressed/ashldi3.o
  AS      arch/arm/boot/compressed/piggy.gzip.o
  LD      arch/arm/boot/compressed/vmlinux
  OBJCOPY arch/arm/boot/zImage
  Kernel: arch/arm/boot/zImage is ready
